stream_wrapper a0-bitmap-d1-p0-l1: 6072 cells, LUT4 3070, FF 2416, CCU2C 226, BRAM 0, DSP 0 (14s)
a0-bitmap-d1-p0-l1 seed 1: routed, fmax 66.49 MHz vs 50.0 MHz, timing_met=True, comb 3744 ff 2416 (27s)
a0-bitmap-d1-p0-l1 seed 2: routed, fmax 62.61 MHz vs 50.0 MHz, timing_met=True, comb 3744 ff 2416 (57s)
a0-bitmap-d1-p0-l1 seed 3: routed, fmax 64.0 MHz vs 50.0 MHz, timing_met=True, comb 3744 ff 2416 (61s)
a0-bitmap-d1-p0-l1 seed 4: routed, fmax 65.36 MHz vs 50.0 MHz, timing_met=True, comb 3744 ff 2416 (27s)
a0-bitmap-d1-p0-l1 seed 5: routed, fmax 68.51 MHz vs 50.0 MHz, timing_met=True, comb 3744 ff 2416 (32s)
a0-bitmap-d1-p0-l1: native: all 1000 decisions match; cycles min 125 median 4720 max 9596
stream_wrapper a1-bitmap-d1-p0-l1: 7172 cells, LUT4 4108, FF 2121, CCU2C 332, BRAM 0, DSP 0 (17s)
a1-bitmap-d1-p0-l1 seed 1: routed, fmax 65.56 MHz vs 50.0 MHz, timing_met=True, comb 5062 ff 2121 (40s)
a1-bitmap-d1-p0-l1 seed 2: routed, fmax 67.59 MHz vs 50.0 MHz, timing_met=True, comb 5062 ff 2121 (35s)
a1-bitmap-d1-p0-l1 seed 3: routed, fmax 66.56 MHz vs 50.0 MHz, timing_met=True, comb 5062 ff 2121 (40s)
a1-bitmap-d1-p0-l1 seed 4: routed, fmax 67.04 MHz vs 50.0 MHz, timing_met=True, comb 5062 ff 2121 (31s)
a1-bitmap-d1-p0-l1 seed 5: routed, fmax 68.57 MHz vs 50.0 MHz, timing_met=True, comb 5062 ff 2121 (37s)
a1-bitmap-d1-p0-l1: native: all 1000 decisions match; cycles min 116 median 790 max 1572
stream_wrapper a1-cache-d1-p0-l1: 7147 cells, LUT4 4027, FF 2220, CCU2C 342, BRAM 0, DSP 0 (16s)
a1-cache-d1-p0-l1 seed 1: routed, fmax 64.5 MHz vs 50.0 MHz, timing_met=True, comb 5001 ff 2220 (84s)
a1-cache-d1-p0-l1 seed 2: routed, fmax 67.23 MHz vs 50.0 MHz, timing_met=True, comb 5001 ff 2220 (42s)
a1-cache-d1-p0-l1 seed 3: routed, fmax 66.66 MHz vs 50.0 MHz, timing_met=True, comb 5001 ff 2220 (39s)
a1-cache-d1-p0-l1 seed 4: routed, fmax 66.64 MHz vs 50.0 MHz, timing_met=True, comb 5001 ff 2220 (45s)
a1-cache-d1-p0-l1 seed 5: routed, fmax 68.98 MHz vs 50.0 MHz, timing_met=True, comb 5001 ff 2220 (38s)
a1-cache-d1-p0-l1: native: all 1000 decisions match; cycles min 107 median 773 max 1538
stream_wrapper a1-cache-d1-p1-l1: 7057 cells, LUT4 3966, FF 2130, CCU2C 324, BRAM 0, DSP 0 (17s)
a1-cache-d1-p1-l1 seed 1: routed, fmax 69.3 MHz vs 50.0 MHz, timing_met=True, comb 4892 ff 2130 (40s)
a1-cache-d1-p1-l1 seed 2: routed, fmax 67.23 MHz vs 50.0 MHz, timing_met=True, comb 4892 ff 2130 (38s)
a1-cache-d1-p1-l1 seed 3: routed, fmax 68.06 MHz vs 50.0 MHz, timing_met=True, comb 4892 ff 2130 (38s)
a1-cache-d1-p1-l1 seed 4: routed, fmax 66.23 MHz vs 50.0 MHz, timing_met=True, comb 4892 ff 2130 (37s)
a1-cache-d1-p1-l1 seed 5: routed, fmax 67.14 MHz vs 50.0 MHz, timing_met=True, comb 4892 ff 2130 (37s)
a1-cache-d1-p1-l1: native: all 1000 decisions match; cycles min 107 median 773 max 1538
stream_wrapper a1-cache-d1-p2-l1: 7119 cells, LUT4 3999, FF 2220, CCU2C 342, BRAM 0, DSP 0 (16s)
a1-cache-d1-p2-l1 seed 1: routed, fmax 68.17 MHz vs 50.0 MHz, timing_met=True, comb 4973 ff 2220 (37s)
a1-cache-d1-p2-l1 seed 2: routed, fmax 66.98 MHz vs 50.0 MHz, timing_met=True, comb 4973 ff 2220 (43s)
a1-cache-d1-p2-l1 seed 3: routed, fmax 68.32 MHz vs 50.0 MHz, timing_met=True, comb 4973 ff 2220 (40s)
a1-cache-d1-p2-l1 seed 4: routed, fmax 66.48 MHz vs 50.0 MHz, timing_met=True, comb 4973 ff 2220 (58s)
a1-cache-d1-p2-l1 seed 5: routed, fmax 66.75 MHz vs 50.0 MHz, timing_met=True, comb 4973 ff 2220 (35s)
a1-cache-d1-p2-l1: native: all 1000 decisions match; cycles min 107 median 773 max 1538
stream_wrapper a1-cache-d1-p3-l1: 7120 cells, LUT4 4004, FF 2216, CCU2C 363, BRAM 0, DSP 0 (16s)
a1-cache-d1-p3-l1 seed 1: routed, fmax 66.78 MHz vs 50.0 MHz, timing_met=True, comb 5052 ff 2216 (41s)
a1-cache-d1-p3-l1 seed 2: routed, fmax 68.04 MHz vs 50.0 MHz, timing_met=True, comb 5052 ff 2216 (36s)
a1-cache-d1-p3-l1 seed 3: routed, fmax 68.24 MHz vs 50.0 MHz, timing_met=True, comb 5052 ff 2216 (44s)
a1-cache-d1-p3-l1 seed 4: routed, fmax 67.24 MHz vs 50.0 MHz, timing_met=True, comb 5052 ff 2216 (50s)
a1-cache-d1-p3-l1 seed 5: routed, fmax 66.82 MHz vs 50.0 MHz, timing_met=True, comb 5052 ff 2216 (41s)
a1-cache-d1-p3-l1: native: all 1000 decisions match; cycles min 107 median 773 max 1538
stream_wrapper a1-cache-d1-p4-l1: 6937 cells, LUT4 3942, FF 2167, CCU2C 271, BRAM 0, DSP 0 (17s)
a1-cache-d1-p4-l1 seed 1: routed, fmax 65.79 MHz vs 50.0 MHz, timing_met=True, comb 4690 ff 2167 (38s)
a1-cache-d1-p4-l1 seed 2: routed, fmax 66.55 MHz vs 50.0 MHz, timing_met=True, comb 4690 ff 2167 (38s)
a1-cache-d1-p4-l1 seed 3: routed, fmax 66.29 MHz vs 50.0 MHz, timing_met=True, comb 4690 ff 2167 (42s)
a1-cache-d1-p4-l1 seed 4: routed, fmax 65.92 MHz vs 50.0 MHz, timing_met=True, comb 4690 ff 2167 (430s)
a1-cache-d1-p4-l1 seed 5: routed, fmax 67.21 MHz vs 50.0 MHz, timing_met=True, comb 4690 ff 2167 (31s)
a1-cache-d1-p4-l1: native: all 1000 decisions match; cycles min 107 median 773 max 1538
stream_wrapper a1-cache-d2-p0-l1: 8725 cells, LUT4 4865, FF 2849, CCU2C 379, BRAM 0, DSP 0 (21s)
a1-cache-d2-p0-l1 seed 1: routed, fmax 65.94 MHz vs 50.0 MHz, timing_met=True, comb 5931 ff 2849 (45s)
a1-cache-d2-p0-l1 seed 2: routed, fmax 64.51 MHz vs 50.0 MHz, timing_met=True, comb 5931 ff 2849 (49s)
a1-cache-d2-p0-l1 seed 3: routed, fmax 66.61 MHz vs 50.0 MHz, timing_met=True, comb 5931 ff 2849 (49s)
a1-cache-d2-p0-l1 seed 4: routed, fmax 65.56 MHz vs 50.0 MHz, timing_met=True, comb 5931 ff 2849 (53s)
a1-cache-d2-p0-l1 seed 5: routed, fmax 67.17 MHz vs 50.0 MHz, timing_met=True, comb 5931 ff 2849 (44s)
a1-cache-d2-p0-l1: native: all 250 decisions match; cycles min 97 median 13522 max 52469
stream_wrapper a1-cache-d1-p0-l2: 12937 cells, LUT4 7453, FF 3738, CCU2C 641, BRAM 0, DSP 0 (31s)
a1-cache-d1-p0-l2 seed 1: routed, fmax 65.99 MHz vs 50.0 MHz, timing_met=True, comb 9289 ff 3738 (90s)
a1-cache-d1-p0-l2 seed 2: routed, fmax 63.8 MHz vs 50.0 MHz, timing_met=True, comb 9289 ff 3738 (74s)
a1-cache-d1-p0-l2 seed 3: error_-15, fmax 65.07 MHz vs 50.0 MHz, timing_met=True, comb 9289 ff 3738 (1314s)
a1-cache-d1-p0-l2 seed 4: routed, fmax 65.95 MHz vs 50.0 MHz, timing_met=True, comb 9289 ff 3738 (88s)
a1-cache-d1-p0-l2 seed 5: routed, fmax 64.29 MHz vs 50.0 MHz, timing_met=True, comb 9289 ff 3738 (85s)
a1-cache-d1-p0-l2: native: all 1000 decisions match; cycles min 64 median 414 max 774
matrix: {'routing_attempts': 45, 'timing_met': 45, 'elapsed_s': 3913.4}
