bash scripts/env.sh python tools/measure_matrix.py run --manifest benchmarks/hardware_v2.json
[matrix] job 1/84 start a0-bitmap-d1-p0-l1:50:11 route 95f75dd09a5a action run (completed 0, reused 0, ok 0, fail 0, timeout 0, error 0; eta None)
[matrix] job 1/84 done  a0-bitmap-d1-p0-l1:50:11 routed_timing_met fmax 66.09 MHz, 26.2 s, rss 455.5 MB
[matrix] job 2/84 start a0-bitmap-d1-p0-l1:50:12 route 5383ad191c4c action run (completed 1, reused 0, ok 1, fail 0, timeout 0, error 0; eta {'low_s': 2148, 'high_s': 2148, 'comparable_jobs': 1})
[matrix] … a0-bitmap-d1-p0-l1 seed 12 @ 50 MHz running 30 s, rss 429.0 MB (1/84 done)
[matrix] job 2/84 done  a0-bitmap-d1-p0-l1:50:12 routed_timing_met fmax 64.7 MHz, 35.6 s, rss 450.8 MB
[matrix] job 3/84 start a0-bitmap-d1-p0-l1:50:13 route f525b41e7a32 action run (completed 2, reused 0, ok 2, fail 0, timeout 0, error 0; eta {'low_s': 2122, 'high_s': 2884, 'comparable_jobs': 2})
[matrix] job 3/84 done  a0-bitmap-d1-p0-l1:50:13 routed_timing_met fmax 65.69 MHz, 29.0 s, rss 435.2 MB
[matrix] job 4/84 start a0-bitmap-d1-p0-l1:60:11 route 78eb71402d2a action run (completed 3, reused 0, ok 3, fail 0, timeout 0, error 0; eta {'low_s': 2096, 'high_s': 2848, 'comparable_jobs': 3})
[matrix] job 4/84 done  a0-bitmap-d1-p0-l1:60:11 routed_timing_met fmax 66.09 MHz, 27.3 s, rss 455.3 MB
[matrix] job 5/84 start a0-bitmap-d1-p0-l1:60:12 route 7ef3a14d0d99 action run (completed 4, reused 0, ok 4, fail 0, timeout 0, error 0; eta {'low_s': 2070, 'high_s': 2812, 'comparable_jobs': 4})
[matrix] … a0-bitmap-d1-p0-l1 seed 12 @ 60 MHz running 30 s, rss 429.0 MB (4/84 done)
[matrix] job 5/84 done  a0-bitmap-d1-p0-l1:60:12 routed_timing_met fmax 64.7 MHz, 39.4 s, rss 450.8 MB
[matrix] job 6/84 start a0-bitmap-d1-p0-l1:60:13 route 08cc173e8f26 action run (completed 5, reused 0, ok 5, fail 0, timeout 0, error 0; eta {'low_s': 2044, 'high_s': 3073, 'comparable_jobs': 5})
[matrix] … a0-bitmap-d1-p0-l1 seed 13 @ 60 MHz running 30 s, rss 434.2 MB (5/84 done)
[matrix] job 6/84 done  a0-bitmap-d1-p0-l1:60:13 routed_timing_met fmax 65.69 MHz, 33.7 s, rss 456.9 MB
[matrix] job 7/84 start a0-bitmap-d1-p0-l1:80:11 route 74faf2897405 action run (completed 6, reused 0, ok 6, fail 0, timeout 0, error 0; eta {'low_s': 2017, 'high_s': 3034, 'comparable_jobs': 6})
[matrix] … a0-bitmap-d1-p0-l1 seed 11 @ 80 MHz running 30 s, rss 433.4 MB (6/84 done)
[matrix] job 7/84 done  a0-bitmap-d1-p0-l1:80:11 routed_timing_failed fmax 66.09 MHz, 32.3 s, rss 455.4 MB
[matrix] job 8/84 start a0-bitmap-d1-p0-l1:80:12 route be54e7f97ad1 action run (completed 7, reused 0, ok 6, fail 1, timeout 0, error 0; eta {'low_s': 1991, 'high_s': 2994, 'comparable_jobs': 7})
[matrix] … a0-bitmap-d1-p0-l1 seed 12 @ 80 MHz running 30 s, rss 428.8 MB (7/84 done)
[matrix] job 8/84 done  a0-bitmap-d1-p0-l1:80:12 routed_timing_failed fmax 64.7 MHz, 37.8 s, rss 451.1 MB
[matrix] job 9/84 start a0-bitmap-d1-p0-l1:80:13 route 47110d273bd6 action run (completed 8, reused 0, ok 6, fail 2, timeout 0, error 0; eta {'low_s': 1965, 'high_s': 2955, 'comparable_jobs': 8})
[matrix] job 9/84 done  a0-bitmap-d1-p0-l1:80:13 routed_timing_failed fmax 65.69 MHz, 28.7 s, rss 456.8 MB
[matrix] job 10/84 start a0-bitmap-d1-p0-l1:100:11 route 5364253e2034 action run (completed 9, reused 0, ok 6, fail 3, timeout 0, error 0; eta {'low_s': 1939, 'high_s': 2916, 'comparable_jobs': 9})
[matrix] job 10/84 done  a0-bitmap-d1-p0-l1:100:11 routed_timing_failed fmax 66.09 MHz, 27.1 s, rss 455.4 MB
[matrix] job 11/84 start a0-bitmap-d1-p0-l1:100:12 route 7c024f19000e action run (completed 10, reused 0, ok 6, fail 4, timeout 0, error 0; eta {'low_s': 1913, 'high_s': 2876, 'comparable_jobs': 10})
[matrix] … a0-bitmap-d1-p0-l1 seed 12 @ 100 MHz running 30 s, rss 432.2 MB (10/84 done)
[matrix] job 11/84 done  a0-bitmap-d1-p0-l1:100:12 routed_timing_failed fmax 64.7 MHz, 33.1 s, rss 450.9 MB
[matrix] job 12/84 start a0-bitmap-d1-p0-l1:100:13 route e5ca893f2448 action run (completed 11, reused 0, ok 6, fail 5, timeout 0, error 0; eta {'low_s': 1886, 'high_s': 2837, 'comparable_jobs': 11})
[matrix] job 12/84 done  a0-bitmap-d1-p0-l1:100:13 routed_timing_failed fmax 65.69 MHz, 26.4 s, rss 456.8 MB
[matrix] job 13/84 start a1-bitmap-d1-p0-l1:50:11 route e11b0294cf2d action run (completed 12, reused 0, ok 6, fail 6, timeout 0, error 0; eta {'low_s': 1860, 'high_s': 2797, 'comparable_jobs': 12})
[matrix] … a1-bitmap-d1-p0-l1 seed 11 @ 50 MHz running 30 s, rss 445.0 MB (12/84 done)
[matrix] job 13/84 done  a1-bitmap-d1-p0-l1:50:11 routed_timing_met fmax 67.11 MHz, 34.7 s, rss 469.1 MB
[matrix] job 14/84 start a1-bitmap-d1-p0-l1:50:12 route bb759f35f76e action run (completed 13, reused 0, ok 7, fail 6, timeout 0, error 0; eta {'low_s': 1919, 'high_s': 2711, 'comparable_jobs': 13})
[matrix] … a1-bitmap-d1-p0-l1 seed 12 @ 50 MHz running 30 s, rss 415.9 MB (13/84 done)
[matrix] job 14/84 done  a1-bitmap-d1-p0-l1:50:12 routed_timing_met fmax 67.2 MHz, 48.1 s, rss 467.5 MB
[matrix] job 15/84 start a1-bitmap-d1-p0-l1:50:13 route ab7cdf54a172 action run (completed 14, reused 0, ok 8, fail 6, timeout 0, error 0; eta {'low_s': 1884, 'high_s': 3319, 'comparable_jobs': 14})
[matrix] … a1-bitmap-d1-p0-l1 seed 13 @ 50 MHz running 30 s, rss 444.8 MB (14/84 done)
[matrix] … a1-bitmap-d1-p0-l1 seed 13 @ 50 MHz running 60 s, rss 456.1 MB (14/84 done)
[matrix] … a1-bitmap-d1-p0-l1 seed 13 @ 50 MHz running 90 s, rss 465.6 MB (14/84 done)
[matrix] job 15/84 done  a1-bitmap-d1-p0-l1:50:13 routed_timing_met fmax 67.9 MHz, 91.5 s, rss 477.9 MB
[matrix] job 16/84 start a1-bitmap-d1-p0-l1:60:11 route 2b8e1aa407f2 action run (completed 15, reused 0, ok 9, fail 6, timeout 0, error 0; eta {'low_s': 1850, 'high_s': 6222, 'comparable_jobs': 15})
[matrix] … a1-bitmap-d1-p0-l1 seed 11 @ 60 MHz running 30 s, rss 445.0 MB (15/84 done)
[matrix] job 16/84 done  a1-bitmap-d1-p0-l1:60:11 routed_timing_met fmax 67.11 MHz, 41.2 s, rss 469.6 MB
[matrix] job 17/84 start a1-bitmap-d1-p0-l1:60:12 route c9c59958cf2e action run (completed 16, reused 0, ok 10, fail 6, timeout 0, error 0; eta {'low_s': 1815, 'high_s': 6130, 'comparable_jobs': 16})
[matrix] … a1-bitmap-d1-p0-l1 seed 12 @ 60 MHz running 30 s, rss 415.9 MB (16/84 done)
[matrix] job 17/84 done  a1-bitmap-d1-p0-l1:60:12 routed_timing_met fmax 67.2 MHz, 46.8 s, rss 467.2 MB
[matrix] job 18/84 start a1-bitmap-d1-p0-l1:60:13 route 6cd0aaa427d8 action run (completed 17, reused 0, ok 11, fail 6, timeout 0, error 0; eta {'low_s': 1780, 'high_s': 6039, 'comparable_jobs': 17})
[matrix] … a1-bitmap-d1-p0-l1 seed 13 @ 60 MHz running 30 s, rss 444.8 MB (17/84 done)
[matrix] … a1-bitmap-d1-p0-l1 seed 13 @ 60 MHz running 60 s, rss 454.7 MB (17/84 done)
[matrix] … a1-bitmap-d1-p0-l1 seed 13 @ 60 MHz running 90 s, rss 465.6 MB (17/84 done)
[matrix] job 18/84 done  a1-bitmap-d1-p0-l1:60:13 routed_timing_met fmax 67.9 MHz, 93.5 s, rss 477.9 MB
[matrix] job 19/84 start a1-bitmap-d1-p0-l1:80:11 route e355ceabdb49 action run (completed 18, reused 0, ok 12, fail 6, timeout 0, error 0; eta {'low_s': 1746, 'high_s': 6078, 'comparable_jobs': 18})
[matrix] … a1-bitmap-d1-p0-l1 seed 11 @ 80 MHz running 30 s, rss 444.9 MB (18/84 done)
[matrix] job 19/84 done  a1-bitmap-d1-p0-l1:80:11 routed_timing_failed fmax 67.11 MHz, 35.8 s, rss 469.1 MB
[matrix] job 20/84 start a1-bitmap-d1-p0-l1:80:12 route e2b421145801 action run (completed 19, reused 0, ok 12, fail 7, timeout 0, error 0; eta {'low_s': 1711, 'high_s': 5984, 'comparable_jobs': 19})
[matrix] … a1-bitmap-d1-p0-l1 seed 12 @ 80 MHz running 30 s, rss 416.0 MB (19/84 done)
[matrix] job 20/84 done  a1-bitmap-d1-p0-l1:80:12 routed_timing_failed fmax 67.2 MHz, 47.0 s, rss 454.5 MB
[matrix] job 21/84 start a1-bitmap-d1-p0-l1:80:13 route 15657e0a72e3 action run (completed 20, reused 0, ok 12, fail 8, timeout 0, error 0; eta {'low_s': 1676, 'high_s': 5890, 'comparable_jobs': 20})
[matrix] … a1-bitmap-d1-p0-l1 seed 13 @ 80 MHz running 30 s, rss 444.8 MB (20/84 done)
[matrix] … a1-bitmap-d1-p0-l1 seed 13 @ 80 MHz running 60 s, rss 456.1 MB (20/84 done)
[matrix] … a1-bitmap-d1-p0-l1 seed 13 @ 80 MHz running 90 s, rss 472.2 MB (20/84 done)
[matrix] job 21/84 done  a1-bitmap-d1-p0-l1:80:13 routed_timing_failed fmax 67.9 MHz, 91.1 s, rss 472.2 MB
[matrix] job 22/84 start a1-bitmap-d1-p0-l1:100:11 route f3657547f047 action run (completed 21, reused 0, ok 12, fail 9, timeout 0, error 0; eta {'low_s': 1641, 'high_s': 5797, 'comparable_jobs': 21})
[matrix] … a1-bitmap-d1-p0-l1 seed 11 @ 100 MHz running 30 s, rss 445.0 MB (21/84 done)
[matrix] job 22/84 done  a1-bitmap-d1-p0-l1:100:11 routed_timing_failed fmax 67.11 MHz, 38.6 s, rss 469.4 MB
[matrix] job 23/84 start a1-bitmap-d1-p0-l1:100:12 route 65e82f6bca4b action run (completed 22, reused 0, ok 12, fail 10, timeout 0, error 0; eta {'low_s': 1607, 'high_s': 5704, 'comparable_jobs': 22})
[matrix] … a1-bitmap-d1-p0-l1 seed 12 @ 100 MHz running 30 s, rss 444.0 MB (22/84 done)
[matrix] job 23/84 done  a1-bitmap-d1-p0-l1:100:12 routed_timing_failed fmax 67.2 MHz, 45.4 s, rss 467.5 MB
[matrix] job 24/84 start a1-bitmap-d1-p0-l1:100:13 route 6b4943236e0b action run (completed 23, reused 0, ok 12, fail 11, timeout 0, error 0; eta {'low_s': 1572, 'high_s': 5610, 'comparable_jobs': 23})
[matrix] … a1-bitmap-d1-p0-l1 seed 13 @ 100 MHz running 30 s, rss 444.8 MB (23/84 done)
[matrix] … a1-bitmap-d1-p0-l1 seed 13 @ 100 MHz running 60 s, rss 453.6 MB (23/84 done)
[matrix] … a1-bitmap-d1-p0-l1 seed 13 @ 100 MHz running 90 s, rss 462.4 MB (23/84 done)
[matrix] job 24/84 done  a1-bitmap-d1-p0-l1:100:13 routed_timing_failed fmax 67.9 MHz, 97.5 s, rss 473.1 MB
[matrix] job 25/84 start a1-cache-d1-p0-l1:50:11 route 1d9ecd153690 action run (completed 24, reused 0, ok 12, fail 12, timeout 0, error 0; eta {'low_s': 1546, 'high_s': 5752, 'comparable_jobs': 24})
[matrix] … a1-cache-d1-p0-l1 seed 11 @ 50 MHz running 30 s, rss 445.8 MB (24/84 done)
[matrix] job 25/84 done  a1-cache-d1-p0-l1:50:11 routed_timing_met fmax 65.67 MHz, 39.7 s, rss 467.9 MB
[matrix] job 26/84 start a1-cache-d1-p0-l1:50:12 route a8cee81a35b9 action run (completed 25, reused 0, ok 13, fail 12, timeout 0, error 0; eta {'low_s': 1655, 'high_s': 5077, 'comparable_jobs': 25})
[matrix] … a1-cache-d1-p0-l1 seed 12 @ 50 MHz running 30 s, rss 446.0 MB (25/84 done)
[matrix] job 26/84 done  a1-cache-d1-p0-l1:50:12 routed_timing_met fmax 65.75 MHz, 40.2 s, rss 467.5 MB
[matrix] job 27/84 start a1-cache-d1-p0-l1:50:13 route 31356bb7a51c action run (completed 26, reused 0, ok 14, fail 12, timeout 0, error 0; eta {'low_s': 1615, 'high_s': 5042, 'comparable_jobs': 26})
[matrix] … a1-cache-d1-p0-l1 seed 13 @ 50 MHz running 30 s, rss 416.9 MB (26/84 done)
[matrix] job 27/84 done  a1-cache-d1-p0-l1:50:13 routed_timing_met fmax 65.69 MHz, 43.2 s, rss 469.6 MB
[matrix] job 28/84 start a1-cache-d1-p0-l1:60:11 route 0f8ec9f7e213 action run (completed 27, reused 0, ok 15, fail 12, timeout 0, error 0; eta {'low_s': 1575, 'high_s': 5026, 'comparable_jobs': 27})
[matrix] … a1-cache-d1-p0-l1 seed 11 @ 60 MHz running 30 s, rss 444.9 MB (27/84 done)
[matrix] job 28/84 done  a1-cache-d1-p0-l1:60:11 routed_timing_met fmax 65.67 MHz, 43.9 s, rss 467.9 MB
[matrix] job 29/84 start a1-cache-d1-p0-l1:60:12 route a3f2dacaa6b5 action run (completed 28, reused 0, ok 16, fail 12, timeout 0, error 0; eta {'low_s': 1536, 'high_s': 4987, 'comparable_jobs': 28})
[matrix] … a1-cache-d1-p0-l1 seed 12 @ 60 MHz running 30 s, rss 446.0 MB (28/84 done)
[matrix] job 29/84 done  a1-cache-d1-p0-l1:60:12 routed_timing_met fmax 65.75 MHz, 39.5 s, rss 467.2 MB
[matrix] job 30/84 start a1-cache-d1-p0-l1:60:13 route b787b7727598 action run (completed 29, reused 0, ok 17, fail 12, timeout 0, error 0; eta {'low_s': 1495, 'high_s': 4943, 'comparable_jobs': 29})
[matrix] … a1-cache-d1-p0-l1 seed 13 @ 60 MHz running 30 s, rss 416.8 MB (29/84 done)
[matrix] job 30/84 done  a1-cache-d1-p0-l1:60:13 routed_timing_met fmax 65.69 MHz, 49.8 s, rss 469.0 MB
[matrix] job 31/84 start a1-cache-d1-p0-l1:80:11 route c7e2401d2561 action run (completed 30, reused 0, ok 18, fail 12, timeout 0, error 0; eta {'low_s': 1455, 'high_s': 4929, 'comparable_jobs': 30})
[matrix] … a1-cache-d1-p0-l1 seed 11 @ 80 MHz running 30 s, rss 416.8 MB (30/84 done)
[matrix] job 31/84 done  a1-cache-d1-p0-l1:80:11 routed_timing_failed fmax 65.67 MHz, 46.6 s, rss 468.0 MB
[matrix] job 32/84 start a1-cache-d1-p0-l1:80:12 route e12121f2312e action run (completed 31, reused 0, ok 18, fail 13, timeout 0, error 0; eta {'low_s': 1416, 'high_s': 4879, 'comparable_jobs': 31})
[matrix] … a1-cache-d1-p0-l1 seed 12 @ 80 MHz running 30 s, rss 416.8 MB (31/84 done)
[matrix] job 32/84 done  a1-cache-d1-p0-l1:80:12 routed_timing_failed fmax 65.75 MHz, 46.2 s, rss 467.4 MB
[matrix] job 33/84 start a1-cache-d1-p0-l1:80:13 route 68add0858590 action run (completed 32, reused 0, ok 18, fail 14, timeout 0, error 0; eta {'low_s': 1376, 'high_s': 4829, 'comparable_jobs': 32})
[matrix] … a1-cache-d1-p0-l1 seed 13 @ 80 MHz running 30 s, rss 445.9 MB (32/84 done)
[matrix] job 33/84 done  a1-cache-d1-p0-l1:80:13 routed_timing_failed fmax 65.69 MHz, 39.3 s, rss 469.4 MB
[matrix] job 34/84 start a1-cache-d1-p0-l1:100:11 route c6c30b98676d action run (completed 33, reused 0, ok 18, fail 15, timeout 0, error 0; eta {'low_s': 1336, 'high_s': 4780, 'comparable_jobs': 33})
[matrix] … a1-cache-d1-p0-l1 seed 11 @ 100 MHz running 30 s, rss 445.9 MB (33/84 done)
[matrix] job 34/84 done  a1-cache-d1-p0-l1:100:11 routed_timing_failed fmax 65.67 MHz, 40.9 s, rss 467.9 MB
[matrix] job 35/84 start a1-cache-d1-p0-l1:100:12 route 2e715f27824f action run (completed 34, reused 0, ok 18, fail 16, timeout 0, error 0; eta {'low_s': 1297, 'high_s': 4730, 'comparable_jobs': 34})
[matrix] … a1-cache-d1-p0-l1 seed 12 @ 100 MHz running 30 s, rss 446.0 MB (34/84 done)
[matrix] job 35/84 done  a1-cache-d1-p0-l1:100:12 routed_timing_failed fmax 65.75 MHz, 40.0 s, rss 466.9 MB
[matrix] job 36/84 start a1-cache-d1-p0-l1:100:13 route 882e963e3511 action run (completed 35, reused 0, ok 18, fail 17, timeout 0, error 0; eta {'low_s': 1258, 'high_s': 4680, 'comparable_jobs': 35})
[matrix] … a1-cache-d1-p0-l1 seed 13 @ 100 MHz running 30 s, rss 446.0 MB (35/84 done)
[matrix] job 36/84 done  a1-cache-d1-p0-l1:100:13 routed_timing_failed fmax 65.69 MHz, 40.8 s, rss 469.1 MB
[matrix] job 37/84 start a1-cache-d1-p0-l2:50:11 route 1ee00db614a1 action run (completed 36, reused 0, ok 18, fail 18, timeout 0, error 0; eta {'low_s': 1231, 'high_s': 4582, 'comparable_jobs': 36})
[matrix] … a1-cache-d1-p0-l2 seed 11 @ 50 MHz running 30 s, rss 496.0 MB (36/84 done)
[matrix] … a1-cache-d1-p0-l2 seed 11 @ 50 MHz running 60 s, rss 549.9 MB (36/84 done)
[matrix] job 37/84 done  a1-cache-d1-p0-l2:50:11 routed_timing_met fmax 64.08 MHz, 86.2 s, rss 586.9 MB
[matrix] job 38/84 start a1-cache-d1-p0-l2:50:12 route b5ba532ef331 action run (completed 37, reused 0, ok 19, fail 18, timeout 0, error 0; eta {'low_s': 1805, 'high_s': 4372, 'comparable_jobs': 37})
[matrix] … a1-cache-d1-p0-l2 seed 12 @ 50 MHz running 30 s, rss 496.0 MB (37/84 done)
[matrix] … a1-cache-d1-p0-l2 seed 12 @ 50 MHz running 60 s, rss 550.1 MB (37/84 done)
[matrix] job 38/84 done  a1-cache-d1-p0-l2:50:12 routed_timing_met fmax 66.87 MHz, 89.7 s, rss 587.4 MB
[matrix] job 39/84 start a1-cache-d1-p0-l2:50:13 route 2091a5598f8c action run (completed 38, reused 0, ok 20, fail 18, timeout 0, error 0; eta {'low_s': 1719, 'high_s': 4317, 'comparable_jobs': 38})
[matrix] … a1-cache-d1-p0-l2 seed 13 @ 50 MHz running 30 s, rss 496.0 MB (38/84 done)
[matrix] … a1-cache-d1-p0-l2 seed 13 @ 50 MHz running 60 s, rss 550.1 MB (38/84 done)
[matrix] job 39/84 done  a1-cache-d1-p0-l2:50:13 routed_timing_met fmax 65.46 MHz, 87.8 s, rss 587.8 MB
[matrix] job 40/84 start a1-cache-d1-p0-l2:60:11 route 144218586a17 action run (completed 39, reused 0, ok 21, fail 18, timeout 0, error 0; eta {'low_s': 1633, 'high_s': 4228, 'comparable_jobs': 39})
[matrix] … a1-cache-d1-p0-l2 seed 11 @ 60 MHz running 30 s, rss 496.0 MB (39/84 done)
[matrix] … a1-cache-d1-p0-l2 seed 11 @ 60 MHz running 60 s, rss 549.8 MB (39/84 done)
[matrix] job 40/84 done  a1-cache-d1-p0-l2:60:11 routed_timing_met fmax 64.08 MHz, 89.3 s, rss 587.1 MB
[matrix] job 41/84 start a1-cache-d1-p0-l2:60:12 route 588c7da4911b action run (completed 40, reused 0, ok 22, fail 18, timeout 0, error 0; eta {'low_s': 1547, 'high_s': 4138, 'comparable_jobs': 40})
[matrix] … a1-cache-d1-p0-l2 seed 12 @ 60 MHz running 30 s, rss 496.1 MB (40/84 done)
[matrix] … a1-cache-d1-p0-l2 seed 12 @ 60 MHz running 60 s, rss 550.2 MB (40/84 done)
[matrix] … a1-cache-d1-p0-l2 seed 12 @ 60 MHz running 90 s, rss 550.2 MB (40/84 done)
[matrix] job 41/84 done  a1-cache-d1-p0-l2:60:12 routed_timing_met fmax 66.87 MHz, 92.9 s, rss 587.1 MB
[matrix] job 42/84 start a1-cache-d1-p0-l2:60:13 route d519805a2147 action run (completed 41, reused 0, ok 23, fail 18, timeout 0, error 0; eta {'low_s': 1460, 'high_s': 4067, 'comparable_jobs': 41})
[matrix] … a1-cache-d1-p0-l2 seed 13 @ 60 MHz running 30 s, rss 496.1 MB (41/84 done)
[matrix] … a1-cache-d1-p0-l2 seed 13 @ 60 MHz running 60 s, rss 550.1 MB (41/84 done)
[matrix] job 42/84 done  a1-cache-d1-p0-l2:60:13 routed_timing_met fmax 65.46 MHz, 77.3 s, rss 588.1 MB
[matrix] job 43/84 start a1-cache-d1-p0-l2:80:11 route b324b51f461b action run (completed 42, reused 0, ok 24, fail 18, timeout 0, error 0; eta {'low_s': 1330, 'high_s': 3974, 'comparable_jobs': 42})
[matrix] … a1-cache-d1-p0-l2 seed 11 @ 80 MHz running 30 s, rss 496.0 MB (42/84 done)
[matrix] … a1-cache-d1-p0-l2 seed 11 @ 80 MHz running 60 s, rss 550.1 MB (42/84 done)
[matrix] job 43/84 done  a1-cache-d1-p0-l2:80:11 routed_timing_failed fmax 64.08 MHz, 84.7 s, rss 586.9 MB
[matrix] job 44/84 start a1-cache-d1-p0-l2:80:12 route 3377b57b63c5 action run (completed 43, reused 0, ok 24, fail 19, timeout 0, error 0; eta {'low_s': 1252, 'high_s': 3882, 'comparable_jobs': 43})
[matrix] … a1-cache-d1-p0-l2 seed 12 @ 80 MHz running 30 s, rss 496.0 MB (43/84 done)
[matrix] … a1-cache-d1-p0-l2 seed 12 @ 80 MHz running 60 s, rss 496.0 MB (43/84 done)
[matrix] … a1-cache-d1-p0-l2 seed 12 @ 80 MHz running 90 s, rss 550.1 MB (43/84 done)
[matrix] job 44/84 done  a1-cache-d1-p0-l2:80:12 routed_timing_failed fmax 66.87 MHz, 95.5 s, rss 587.4 MB
[matrix] job 45/84 start a1-cache-d1-p0-l2:80:13 route e726a1a897c2 action run (completed 44, reused 0, ok 24, fail 20, timeout 0, error 0; eta {'low_s': 1175, 'high_s': 3796, 'comparable_jobs': 44})
[matrix] … a1-cache-d1-p0-l2 seed 13 @ 80 MHz running 30 s, rss 496.0 MB (44/84 done)
[matrix] … a1-cache-d1-p0-l2 seed 13 @ 80 MHz running 60 s, rss 550.1 MB (44/84 done)
[matrix] job 45/84 done  a1-cache-d1-p0-l2:80:13 routed_timing_failed fmax 65.46 MHz, 79.8 s, rss 587.5 MB
[matrix] job 46/84 start a1-cache-d1-p0-l2:100:11 route 3b733da8ba39 action run (completed 45, reused 0, ok 24, fail 21, timeout 0, error 0; eta {'low_s': 1098, 'high_s': 3701, 'comparable_jobs': 45})
[matrix] … a1-cache-d1-p0-l2 seed 11 @ 100 MHz running 30 s, rss 496.0 MB (45/84 done)
[matrix] … a1-cache-d1-p0-l2 seed 11 @ 100 MHz running 60 s, rss 550.0 MB (45/84 done)
[matrix] job 46/84 done  a1-cache-d1-p0-l2:100:11 routed_timing_failed fmax 64.08 MHz, 83.2 s, rss 587.1 MB
[matrix] job 47/84 start a1-cache-d1-p0-l2:100:12 route 66be414195bf action run (completed 46, reused 0, ok 24, fail 22, timeout 0, error 0; eta {'low_s': 1021, 'high_s': 3606, 'comparable_jobs': 46})
[matrix] … a1-cache-d1-p0-l2 seed 12 @ 100 MHz running 30 s, rss 496.0 MB (46/84 done)
[matrix] … a1-cache-d1-p0-l2 seed 12 @ 100 MHz running 60 s, rss 549.9 MB (46/84 done)
[matrix] job 47/84 done  a1-cache-d1-p0-l2:100:12 routed_timing_failed fmax 66.87 MHz, 84.0 s, rss 587.1 MB
[matrix] job 48/84 start a1-cache-d1-p0-l2:100:13 route e02fbccd9b04 action run (completed 47, reused 0, ok 24, fail 23, timeout 0, error 0; eta {'low_s': 943, 'high_s': 3510, 'comparable_jobs': 47})
[matrix] … a1-cache-d1-p0-l2 seed 13 @ 100 MHz running 30 s, rss 496.1 MB (47/84 done)
[matrix] … a1-cache-d1-p0-l2 seed 13 @ 100 MHz running 60 s, rss 550.1 MB (47/84 done)
[matrix] job 48/84 done  a1-cache-d1-p0-l2:100:13 routed_timing_failed fmax 65.46 MHz, 75.7 s, rss 587.9 MB
[matrix] job 49/84 start a1-cache-d1-p0-l4:50:11 route 59e733375850 action run (completed 48, reused 0, ok 24, fail 24, timeout 0, error 0; eta {'low_s': 917, 'high_s': 3412, 'comparable_jobs': 48})
[matrix] … a1-cache-d1-p0-l4 seed 11 @ 50 MHz running 30 s, rss 556.1 MB (48/84 done)
[matrix] … a1-cache-d1-p0-l4 seed 11 @ 50 MHz running 60 s, rss 655.4 MB (48/84 done)
[matrix] … a1-cache-d1-p0-l4 seed 11 @ 50 MHz running 90 s, rss 655.4 MB (48/84 done)
[matrix] … a1-cache-d1-p0-l4 seed 11 @ 50 MHz running 120 s, rss 655.4 MB (48/84 done)
[matrix] … a1-cache-d1-p0-l4 seed 11 @ 50 MHz running 150 s, rss 761.1 MB (48/84 done)
[matrix] … a1-cache-d1-p0-l4 seed 11 @ 50 MHz running 180 s, rss 761.1 MB (48/84 done)
[matrix] … a1-cache-d1-p0-l4 seed 11 @ 50 MHz running 210 s, rss 761.1 MB (48/84 done)
[matrix] … a1-cache-d1-p0-l4 seed 11 @ 50 MHz running 240 s, rss 761.1 MB (48/84 done)
[matrix] … a1-cache-d1-p0-l4 seed 11 @ 50 MHz running 270 s, rss 761.1 MB (48/84 done)
[matrix] … a1-cache-d1-p0-l4 seed 11 @ 50 MHz running 300 s, rss 761.1 MB (48/84 done)
[matrix] … a1-cache-d1-p0-l4 seed 11 @ 50 MHz running 330 s, rss 761.1 MB (48/84 done)
[matrix] … a1-cache-d1-p0-l4 seed 11 @ 50 MHz running 360 s, rss 761.1 MB (48/84 done)
[matrix] … a1-cache-d1-p0-l4 seed 11 @ 50 MHz running 390 s, rss 761.1 MB (48/84 done)
[matrix] … a1-cache-d1-p0-l4 seed 11 @ 50 MHz running 420 s, rss 761.1 MB (48/84 done)
[matrix] … a1-cache-d1-p0-l4 seed 11 @ 50 MHz running 450 s, rss 761.1 MB (48/84 done)
[matrix] … a1-cache-d1-p0-l4 seed 11 @ 50 MHz running 480 s, rss 761.1 MB (48/84 done)
[matrix] … a1-cache-d1-p0-l4 seed 11 @ 50 MHz running 510 s, rss 761.1 MB (48/84 done)
[matrix] … a1-cache-d1-p0-l4 seed 11 @ 50 MHz running 540 s, rss 761.1 MB (48/84 done)
[matrix] … a1-cache-d1-p0-l4 seed 11 @ 50 MHz running 570 s, rss 761.1 MB (48/84 done)
[matrix] … a1-cache-d1-p0-l4 seed 11 @ 50 MHz running 600 s, rss 761.1 MB (48/84 done)
[matrix] … a1-cache-d1-p0-l4 seed 11 @ 50 MHz running 630 s, rss 761.1 MB (48/84 done)
[matrix] … a1-cache-d1-p0-l4 seed 11 @ 50 MHz running 660 s, rss 761.1 MB (48/84 done)
[matrix] … a1-cache-d1-p0-l4 seed 11 @ 50 MHz running 690 s, rss 761.1 MB (48/84 done)
[matrix] … a1-cache-d1-p0-l4 seed 11 @ 50 MHz running 720 s, rss 761.1 MB (48/84 done)
[matrix] … a1-cache-d1-p0-l4 seed 11 @ 50 MHz running 750 s, rss 761.1 MB (48/84 done)
[matrix] … a1-cache-d1-p0-l4 seed 11 @ 50 MHz running 780 s, rss 761.1 MB (48/84 done)
[matrix] … a1-cache-d1-p0-l4 seed 11 @ 50 MHz running 810 s, rss 761.1 MB (48/84 done)
[matrix] … a1-cache-d1-p0-l4 seed 11 @ 50 MHz running 840 s, rss 761.1 MB (48/84 done)
[matrix] … a1-cache-d1-p0-l4 seed 11 @ 50 MHz running 870 s, rss 761.1 MB (48/84 done)
[matrix] … a1-cache-d1-p0-l4 seed 11 @ 50 MHz running 900 s, rss 761.1 MB (48/84 done)
[matrix] … a1-cache-d1-p0-l4 seed 11 @ 50 MHz running 930 s, rss 761.1 MB (48/84 done)
[matrix] … a1-cache-d1-p0-l4 seed 11 @ 50 MHz running 960 s, rss 761.1 MB (48/84 done)
[matrix] … a1-cache-d1-p0-l4 seed 11 @ 50 MHz running 990 s, rss 761.1 MB (48/84 done)
[matrix] … a1-cache-d1-p0-l4 seed 11 @ 50 MHz running 1020 s, rss 761.1 MB (48/84 done)
[matrix] … a1-cache-d1-p0-l4 seed 11 @ 50 MHz running 1050 s, rss 761.1 MB (48/84 done)
[matrix] … a1-cache-d1-p0-l4 seed 11 @ 50 MHz running 1080 s, rss 761.1 MB (48/84 done)
[matrix] … a1-cache-d1-p0-l4 seed 11 @ 50 MHz running 1110 s, rss 761.1 MB (48/84 done)
[matrix] … a1-cache-d1-p0-l4 seed 11 @ 50 MHz running 1140 s, rss 761.1 MB (48/84 done)
[matrix] … a1-cache-d1-p0-l4 seed 11 @ 50 MHz running 1170 s, rss 761.1 MB (48/84 done)
[matrix] job 49/84 done  a1-cache-d1-p0-l4:50:11 route_timeout fmax None MHz, 1200.6 s, rss 761.1 MB
[matrix] job 50/84 start a1-cache-d1-p0-l4:50:12 route 95c6d3492549 action run (completed 49, reused 0, ok 24, fail 24, timeout 1, error 0; eta {'low_s': 12635, 'high_s': 40820, 'comparable_jobs': 49})
[matrix] … a1-cache-d1-p0-l4 seed 12 @ 50 MHz running 30 s, rss 652.0 MB (49/84 done)
[matrix] … a1-cache-d1-p0-l4 seed 12 @ 50 MHz running 60 s, rss 655.3 MB (49/84 done)
[matrix] … a1-cache-d1-p0-l4 seed 12 @ 50 MHz running 90 s, rss 655.3 MB (49/84 done)
[matrix] … a1-cache-d1-p0-l4 seed 12 @ 50 MHz running 120 s, rss 655.3 MB (49/84 done)
[matrix] … a1-cache-d1-p0-l4 seed 12 @ 50 MHz running 150 s, rss 761.0 MB (49/84 done)
[matrix] … a1-cache-d1-p0-l4 seed 12 @ 50 MHz running 180 s, rss 761.0 MB (49/84 done)
[matrix] … a1-cache-d1-p0-l4 seed 12 @ 50 MHz running 210 s, rss 761.0 MB (49/84 done)
[matrix] … a1-cache-d1-p0-l4 seed 12 @ 50 MHz running 240 s, rss 761.0 MB (49/84 done)
[matrix] … a1-cache-d1-p0-l4 seed 12 @ 50 MHz running 270 s, rss 761.0 MB (49/84 done)
[matrix] … a1-cache-d1-p0-l4 seed 12 @ 50 MHz running 300 s, rss 761.0 MB (49/84 done)
[matrix] … a1-cache-d1-p0-l4 seed 12 @ 50 MHz running 330 s, rss 761.0 MB (49/84 done)
[matrix] … a1-cache-d1-p0-l4 seed 12 @ 50 MHz running 360 s, rss 761.0 MB (49/84 done)
[matrix] … a1-cache-d1-p0-l4 seed 12 @ 50 MHz running 390 s, rss 761.0 MB (49/84 done)
[matrix] job 50/84 done  a1-cache-d1-p0-l4:50:12 routed_timing_met fmax 63.24 MHz, 407.7 s, rss 831.0 MB
[matrix] job 51/84 start a1-cache-d1-p0-l4:50:13 route fd9c85095cd5 action run (completed 50, reused 0, ok 25, fail 24, timeout 1, error 0; eta {'low_s': 4298, 'high_s': 39620, 'comparable_jobs': 50})
[matrix] … a1-cache-d1-p0-l4 seed 13 @ 50 MHz running 30 s, rss 556.4 MB (50/84 done)
[matrix] … a1-cache-d1-p0-l4 seed 13 @ 50 MHz running 60 s, rss 655.4 MB (50/84 done)
[matrix] … a1-cache-d1-p0-l4 seed 13 @ 50 MHz running 90 s, rss 655.4 MB (50/84 done)
[matrix] … a1-cache-d1-p0-l4 seed 13 @ 50 MHz running 120 s, rss 655.4 MB (50/84 done)
[matrix] … a1-cache-d1-p0-l4 seed 13 @ 50 MHz running 150 s, rss 761.0 MB (50/84 done)
[matrix] … a1-cache-d1-p0-l4 seed 13 @ 50 MHz running 180 s, rss 761.0 MB (50/84 done)
[matrix] … a1-cache-d1-p0-l4 seed 13 @ 50 MHz running 210 s, rss 761.0 MB (50/84 done)
[matrix] … a1-cache-d1-p0-l4 seed 13 @ 50 MHz running 240 s, rss 761.0 MB (50/84 done)
[matrix] … a1-cache-d1-p0-l4 seed 13 @ 50 MHz running 270 s, rss 761.0 MB (50/84 done)
[matrix] … a1-cache-d1-p0-l4 seed 13 @ 50 MHz running 300 s, rss 761.0 MB (50/84 done)
[matrix] … a1-cache-d1-p0-l4 seed 13 @ 50 MHz running 330 s, rss 761.0 MB (50/84 done)
[matrix] … a1-cache-d1-p0-l4 seed 13 @ 50 MHz running 360 s, rss 761.0 MB (50/84 done)
[matrix] … a1-cache-d1-p0-l4 seed 13 @ 50 MHz running 390 s, rss 761.0 MB (50/84 done)
[matrix] … a1-cache-d1-p0-l4 seed 13 @ 50 MHz running 420 s, rss 761.0 MB (50/84 done)
[matrix] … a1-cache-d1-p0-l4 seed 13 @ 50 MHz running 450 s, rss 761.0 MB (50/84 done)
[matrix] … a1-cache-d1-p0-l4 seed 13 @ 50 MHz running 480 s, rss 761.0 MB (50/84 done)
[matrix] … a1-cache-d1-p0-l4 seed 13 @ 50 MHz running 510 s, rss 761.0 MB (50/84 done)
[matrix] … a1-cache-d1-p0-l4 seed 13 @ 50 MHz running 540 s, rss 761.0 MB (50/84 done)
[matrix] … a1-cache-d1-p0-l4 seed 13 @ 50 MHz running 570 s, rss 761.0 MB (50/84 done)
[matrix] … a1-cache-d1-p0-l4 seed 13 @ 50 MHz running 600 s, rss 761.0 MB (50/84 done)
[matrix] … a1-cache-d1-p0-l4 seed 13 @ 50 MHz running 630 s, rss 761.0 MB (50/84 done)
[matrix] … a1-cache-d1-p0-l4 seed 13 @ 50 MHz running 660 s, rss 761.0 MB (50/84 done)
[matrix] … a1-cache-d1-p0-l4 seed 13 @ 50 MHz running 690 s, rss 761.0 MB (50/84 done)
[matrix] … a1-cache-d1-p0-l4 seed 13 @ 50 MHz running 720 s, rss 761.0 MB (50/84 done)
[matrix] … a1-cache-d1-p0-l4 seed 13 @ 50 MHz running 750 s, rss 761.0 MB (50/84 done)
[matrix] … a1-cache-d1-p0-l4 seed 13 @ 50 MHz running 780 s, rss 761.0 MB (50/84 done)
[matrix] … a1-cache-d1-p0-l4 seed 13 @ 50 MHz running 810 s, rss 761.0 MB (50/84 done)
[matrix] … a1-cache-d1-p0-l4 seed 13 @ 50 MHz running 840 s, rss 761.0 MB (50/84 done)
[matrix] … a1-cache-d1-p0-l4 seed 13 @ 50 MHz running 870 s, rss 761.0 MB (50/84 done)
[matrix] … a1-cache-d1-p0-l4 seed 13 @ 50 MHz running 900 s, rss 761.0 MB (50/84 done)
[matrix] … a1-cache-d1-p0-l4 seed 13 @ 50 MHz running 930 s, rss 761.0 MB (50/84 done)
[matrix] … a1-cache-d1-p0-l4 seed 13 @ 50 MHz running 960 s, rss 761.0 MB (50/84 done)
[matrix] … a1-cache-d1-p0-l4 seed 13 @ 50 MHz running 990 s, rss 761.0 MB (50/84 done)
[matrix] … a1-cache-d1-p0-l4 seed 13 @ 50 MHz running 1020 s, rss 774.6 MB (50/84 done)
[matrix] … a1-cache-d1-p0-l4 seed 13 @ 50 MHz running 1050 s, rss 774.6 MB (50/84 done)
[matrix] … a1-cache-d1-p0-l4 seed 13 @ 50 MHz running 1080 s, rss 774.6 MB (50/84 done)
[matrix] … a1-cache-d1-p0-l4 seed 13 @ 50 MHz running 1110 s, rss 774.6 MB (50/84 done)
[matrix] … a1-cache-d1-p0-l4 seed 13 @ 50 MHz running 1140 s, rss 774.7 MB (50/84 done)
[matrix] … a1-cache-d1-p0-l4 seed 13 @ 50 MHz running 1170 s, rss 774.7 MB (50/84 done)
[matrix] job 51/84 done  a1-cache-d1-p0-l4:50:13 route_timeout fmax None MHz, 1200.6 s, rss 774.7 MB
[matrix] job 52/84 start a1-cache-d1-p0-l4:60:11 route 98177dde614c action run (completed 51, reused 0, ok 25, fail 24, timeout 2, error 0; eta {'low_s': 3890, 'high_s': 38419, 'comparable_jobs': 51})
[matrix] … a1-cache-d1-p0-l4 seed 11 @ 60 MHz running 30 s, rss 556.3 MB (51/84 done)
[matrix] … a1-cache-d1-p0-l4 seed 11 @ 60 MHz running 60 s, rss 655.6 MB (51/84 done)
[matrix] … a1-cache-d1-p0-l4 seed 11 @ 60 MHz running 90 s, rss 655.6 MB (51/84 done)
[matrix] … a1-cache-d1-p0-l4 seed 11 @ 60 MHz running 120 s, rss 655.6 MB (51/84 done)
[matrix] … a1-cache-d1-p0-l4 seed 11 @ 60 MHz running 150 s, rss 761.3 MB (51/84 done)
[matrix] … a1-cache-d1-p0-l4 seed 11 @ 60 MHz running 180 s, rss 761.3 MB (51/84 done)
[matrix] … a1-cache-d1-p0-l4 seed 11 @ 60 MHz running 210 s, rss 761.3 MB (51/84 done)
[matrix] … a1-cache-d1-p0-l4 seed 11 @ 60 MHz running 240 s, rss 761.3 MB (51/84 done)
[matrix] … a1-cache-d1-p0-l4 seed 11 @ 60 MHz running 270 s, rss 761.3 MB (51/84 done)
[matrix] … a1-cache-d1-p0-l4 seed 11 @ 60 MHz running 300 s, rss 761.3 MB (51/84 done)
[matrix] … a1-cache-d1-p0-l4 seed 11 @ 60 MHz running 330 s, rss 761.3 MB (51/84 done)
[matrix] … a1-cache-d1-p0-l4 seed 11 @ 60 MHz running 360 s, rss 761.3 MB (51/84 done)
[matrix] … a1-cache-d1-p0-l4 seed 11 @ 60 MHz running 390 s, rss 761.3 MB (51/84 done)
[matrix] … a1-cache-d1-p0-l4 seed 11 @ 60 MHz running 420 s, rss 761.3 MB (51/84 done)
[matrix] … a1-cache-d1-p0-l4 seed 11 @ 60 MHz running 450 s, rss 761.3 MB (51/84 done)
[matrix] … a1-cache-d1-p0-l4 seed 11 @ 60 MHz running 480 s, rss 761.3 MB (51/84 done)
[matrix] … a1-cache-d1-p0-l4 seed 11 @ 60 MHz running 510 s, rss 761.3 MB (51/84 done)
[matrix] … a1-cache-d1-p0-l4 seed 11 @ 60 MHz running 540 s, rss 761.3 MB (51/84 done)
[matrix] … a1-cache-d1-p0-l4 seed 11 @ 60 MHz running 570 s, rss 761.3 MB (51/84 done)
[matrix] … a1-cache-d1-p0-l4 seed 11 @ 60 MHz running 600 s, rss 761.3 MB (51/84 done)
[matrix] … a1-cache-d1-p0-l4 seed 11 @ 60 MHz running 630 s, rss 761.3 MB (51/84 done)
[matrix] … a1-cache-d1-p0-l4 seed 11 @ 60 MHz running 660 s, rss 761.3 MB (51/84 done)
[matrix] … a1-cache-d1-p0-l4 seed 11 @ 60 MHz running 690 s, rss 761.3 MB (51/84 done)
[matrix] … a1-cache-d1-p0-l4 seed 11 @ 60 MHz running 720 s, rss 761.3 MB (51/84 done)
[matrix] … a1-cache-d1-p0-l4 seed 11 @ 60 MHz running 750 s, rss 761.3 MB (51/84 done)
[matrix] … a1-cache-d1-p0-l4 seed 11 @ 60 MHz running 780 s, rss 761.3 MB (51/84 done)
[matrix] … a1-cache-d1-p0-l4 seed 11 @ 60 MHz running 810 s, rss 761.3 MB (51/84 done)
[matrix] … a1-cache-d1-p0-l4 seed 11 @ 60 MHz running 840 s, rss 761.3 MB (51/84 done)
[matrix] … a1-cache-d1-p0-l4 seed 11 @ 60 MHz running 870 s, rss 761.3 MB (51/84 done)
[matrix] … a1-cache-d1-p0-l4 seed 11 @ 60 MHz running 900 s, rss 761.3 MB (51/84 done)
[matrix] … a1-cache-d1-p0-l4 seed 11 @ 60 MHz running 930 s, rss 761.3 MB (51/84 done)
[matrix] … a1-cache-d1-p0-l4 seed 11 @ 60 MHz running 960 s, rss 761.3 MB (51/84 done)
[matrix] … a1-cache-d1-p0-l4 seed 11 @ 60 MHz running 990 s, rss 761.3 MB (51/84 done)
[matrix] … a1-cache-d1-p0-l4 seed 11 @ 60 MHz running 1020 s, rss 761.3 MB (51/84 done)
[matrix] … a1-cache-d1-p0-l4 seed 11 @ 60 MHz running 1050 s, rss 761.3 MB (51/84 done)
[matrix] … a1-cache-d1-p0-l4 seed 11 @ 60 MHz running 1080 s, rss 761.3 MB (51/84 done)
[matrix] … a1-cache-d1-p0-l4 seed 11 @ 60 MHz running 1110 s, rss 761.3 MB (51/84 done)
[matrix] … a1-cache-d1-p0-l4 seed 11 @ 60 MHz running 1140 s, rss 761.3 MB (51/84 done)
[matrix] … a1-cache-d1-p0-l4 seed 11 @ 60 MHz running 1170 s, rss 761.3 MB (51/84 done)
[matrix] job 52/84 done  a1-cache-d1-p0-l4:60:11 route_timeout fmax None MHz, 1200.6 s, rss 761.3 MB
[matrix] job 53/84 start a1-cache-d1-p0-l4:60:12 route 438cc23be7b7 action run (completed 52, reused 0, ok 25, fail 24, timeout 3, error 0; eta {'low_s': 3483, 'high_s': 37219, 'comparable_jobs': 52})
[matrix] … a1-cache-d1-p0-l4 seed 12 @ 60 MHz running 30 s, rss 645.3 MB (52/84 done)
[matrix] … a1-cache-d1-p0-l4 seed 12 @ 60 MHz running 60 s, rss 655.2 MB (52/84 done)
[matrix] … a1-cache-d1-p0-l4 seed 12 @ 60 MHz running 90 s, rss 655.2 MB (52/84 done)
[matrix] … a1-cache-d1-p0-l4 seed 12 @ 60 MHz running 120 s, rss 655.2 MB (52/84 done)
[matrix] … a1-cache-d1-p0-l4 seed 12 @ 60 MHz running 150 s, rss 760.9 MB (52/84 done)
[matrix] … a1-cache-d1-p0-l4 seed 12 @ 60 MHz running 180 s, rss 760.9 MB (52/84 done)
[matrix] … a1-cache-d1-p0-l4 seed 12 @ 60 MHz running 210 s, rss 760.9 MB (52/84 done)
[matrix] … a1-cache-d1-p0-l4 seed 12 @ 60 MHz running 240 s, rss 760.9 MB (52/84 done)
[matrix] … a1-cache-d1-p0-l4 seed 12 @ 60 MHz running 270 s, rss 760.9 MB (52/84 done)
[matrix] … a1-cache-d1-p0-l4 seed 12 @ 60 MHz running 300 s, rss 760.9 MB (52/84 done)
[matrix] … a1-cache-d1-p0-l4 seed 12 @ 60 MHz running 330 s, rss 760.9 MB (52/84 done)
[matrix] … a1-cache-d1-p0-l4 seed 12 @ 60 MHz running 360 s, rss 760.9 MB (52/84 done)
[matrix] job 53/84 done  a1-cache-d1-p0-l4:60:12 routed_timing_met fmax 63.24 MHz, 384.8 s, rss 830.9 MB
[matrix] job 54/84 start a1-cache-d1-p0-l4:60:13 route f393e4948f6a action run (completed 53, reused 0, ok 26, fail 24, timeout 3, error 0; eta {'low_s': 2938, 'high_s': 36018, 'comparable_jobs': 53})
[matrix] … a1-cache-d1-p0-l4 seed 13 @ 60 MHz running 30 s, rss 655.2 MB (53/84 done)
[matrix] … a1-cache-d1-p0-l4 seed 13 @ 60 MHz running 60 s, rss 655.4 MB (53/84 done)
[matrix] … a1-cache-d1-p0-l4 seed 13 @ 60 MHz running 90 s, rss 655.4 MB (53/84 done)
[matrix] … a1-cache-d1-p0-l4 seed 13 @ 60 MHz running 120 s, rss 655.4 MB (53/84 done)
[matrix] … a1-cache-d1-p0-l4 seed 13 @ 60 MHz running 150 s, rss 761.0 MB (53/84 done)
[matrix] … a1-cache-d1-p0-l4 seed 13 @ 60 MHz running 180 s, rss 761.0 MB (53/84 done)
[matrix] … a1-cache-d1-p0-l4 seed 13 @ 60 MHz running 210 s, rss 761.0 MB (53/84 done)
[matrix] … a1-cache-d1-p0-l4 seed 13 @ 60 MHz running 240 s, rss 761.0 MB (53/84 done)
[matrix] … a1-cache-d1-p0-l4 seed 13 @ 60 MHz running 270 s, rss 761.0 MB (53/84 done)
[matrix] … a1-cache-d1-p0-l4 seed 13 @ 60 MHz running 300 s, rss 761.0 MB (53/84 done)
[matrix] … a1-cache-d1-p0-l4 seed 13 @ 60 MHz running 330 s, rss 761.0 MB (53/84 done)
[matrix] … a1-cache-d1-p0-l4 seed 13 @ 60 MHz running 360 s, rss 761.0 MB (53/84 done)
[matrix] … a1-cache-d1-p0-l4 seed 13 @ 60 MHz running 390 s, rss 761.0 MB (53/84 done)
[matrix] … a1-cache-d1-p0-l4 seed 13 @ 60 MHz running 420 s, rss 761.0 MB (53/84 done)
[matrix] … a1-cache-d1-p0-l4 seed 13 @ 60 MHz running 450 s, rss 761.0 MB (53/84 done)
[matrix] … a1-cache-d1-p0-l4 seed 13 @ 60 MHz running 480 s, rss 761.0 MB (53/84 done)
[matrix] … a1-cache-d1-p0-l4 seed 13 @ 60 MHz running 510 s, rss 761.0 MB (53/84 done)
[matrix] … a1-cache-d1-p0-l4 seed 13 @ 60 MHz running 540 s, rss 761.0 MB (53/84 done)
[matrix] … a1-cache-d1-p0-l4 seed 13 @ 60 MHz running 570 s, rss 761.0 MB (53/84 done)
[matrix] … a1-cache-d1-p0-l4 seed 13 @ 60 MHz running 600 s, rss 761.0 MB (53/84 done)
[matrix] … a1-cache-d1-p0-l4 seed 13 @ 60 MHz running 630 s, rss 761.0 MB (53/84 done)
[matrix] … a1-cache-d1-p0-l4 seed 13 @ 60 MHz running 660 s, rss 761.0 MB (53/84 done)
[matrix] … a1-cache-d1-p0-l4 seed 13 @ 60 MHz running 690 s, rss 761.0 MB (53/84 done)
[matrix] … a1-cache-d1-p0-l4 seed 13 @ 60 MHz running 720 s, rss 761.0 MB (53/84 done)
[matrix] … a1-cache-d1-p0-l4 seed 13 @ 60 MHz running 750 s, rss 761.0 MB (53/84 done)
[matrix] … a1-cache-d1-p0-l4 seed 13 @ 60 MHz running 780 s, rss 761.0 MB (53/84 done)
[matrix] … a1-cache-d1-p0-l4 seed 13 @ 60 MHz running 810 s, rss 761.0 MB (53/84 done)
[matrix] … a1-cache-d1-p0-l4 seed 13 @ 60 MHz running 840 s, rss 761.0 MB (53/84 done)
[matrix] … a1-cache-d1-p0-l4 seed 13 @ 60 MHz running 870 s, rss 761.0 MB (53/84 done)
[matrix] … a1-cache-d1-p0-l4 seed 13 @ 60 MHz running 900 s, rss 761.0 MB (53/84 done)
[matrix] … a1-cache-d1-p0-l4 seed 13 @ 60 MHz running 930 s, rss 761.0 MB (53/84 done)
[matrix] … a1-cache-d1-p0-l4 seed 13 @ 60 MHz running 960 s, rss 761.0 MB (53/84 done)
[matrix] … a1-cache-d1-p0-l4 seed 13 @ 60 MHz running 990 s, rss 774.6 MB (53/84 done)
[matrix] … a1-cache-d1-p0-l4 seed 13 @ 60 MHz running 1020 s, rss 774.6 MB (53/84 done)
[matrix] … a1-cache-d1-p0-l4 seed 13 @ 60 MHz running 1050 s, rss 774.6 MB (53/84 done)
[matrix] … a1-cache-d1-p0-l4 seed 13 @ 60 MHz running 1080 s, rss 774.6 MB (53/84 done)
[matrix] … a1-cache-d1-p0-l4 seed 13 @ 60 MHz running 1110 s, rss 774.6 MB (53/84 done)
[matrix] … a1-cache-d1-p0-l4 seed 13 @ 60 MHz running 1140 s, rss 774.7 MB (53/84 done)
[matrix] … a1-cache-d1-p0-l4 seed 13 @ 60 MHz running 1170 s, rss 774.8 MB (53/84 done)
[matrix] job 54/84 done  a1-cache-d1-p0-l4:60:13 route_timeout fmax None MHz, 1200.6 s, rss 774.9 MB
[matrix] job 55/84 start a1-cache-d1-p0-l4:80:11 route 8d61471ff5c7 action run (completed 54, reused 0, ok 26, fail 24, timeout 4, error 0; eta {'low_s': 2553, 'high_s': 34817, 'comparable_jobs': 54})
[matrix] … a1-cache-d1-p0-l4 seed 11 @ 80 MHz running 30 s, rss 556.3 MB (54/84 done)
[matrix] … a1-cache-d1-p0-l4 seed 11 @ 80 MHz running 60 s, rss 655.5 MB (54/84 done)
[matrix] … a1-cache-d1-p0-l4 seed 11 @ 80 MHz running 90 s, rss 655.5 MB (54/84 done)
[matrix] … a1-cache-d1-p0-l4 seed 11 @ 80 MHz running 120 s, rss 655.5 MB (54/84 done)
[matrix] … a1-cache-d1-p0-l4 seed 11 @ 80 MHz running 150 s, rss 761.2 MB (54/84 done)
[matrix] … a1-cache-d1-p0-l4 seed 11 @ 80 MHz running 180 s, rss 761.2 MB (54/84 done)
[matrix] … a1-cache-d1-p0-l4 seed 11 @ 80 MHz running 210 s, rss 761.2 MB (54/84 done)
[matrix] … a1-cache-d1-p0-l4 seed 11 @ 80 MHz running 240 s, rss 761.2 MB (54/84 done)
[matrix] … a1-cache-d1-p0-l4 seed 11 @ 80 MHz running 270 s, rss 761.2 MB (54/84 done)
[matrix] … a1-cache-d1-p0-l4 seed 11 @ 80 MHz running 300 s, rss 761.2 MB (54/84 done)
[matrix] … a1-cache-d1-p0-l4 seed 11 @ 80 MHz running 330 s, rss 761.2 MB (54/84 done)
[matrix] … a1-cache-d1-p0-l4 seed 11 @ 80 MHz running 360 s, rss 761.2 MB (54/84 done)
[matrix] … a1-cache-d1-p0-l4 seed 11 @ 80 MHz running 390 s, rss 761.2 MB (54/84 done)
[matrix] … a1-cache-d1-p0-l4 seed 11 @ 80 MHz running 420 s, rss 761.2 MB (54/84 done)
[matrix] … a1-cache-d1-p0-l4 seed 11 @ 80 MHz running 450 s, rss 761.2 MB (54/84 done)
[matrix] … a1-cache-d1-p0-l4 seed 11 @ 80 MHz running 480 s, rss 761.2 MB (54/84 done)
[matrix] … a1-cache-d1-p0-l4 seed 11 @ 80 MHz running 510 s, rss 761.2 MB (54/84 done)
[matrix] … a1-cache-d1-p0-l4 seed 11 @ 80 MHz running 540 s, rss 761.2 MB (54/84 done)
[matrix] … a1-cache-d1-p0-l4 seed 11 @ 80 MHz running 570 s, rss 761.2 MB (54/84 done)
[matrix] … a1-cache-d1-p0-l4 seed 11 @ 80 MHz running 600 s, rss 761.2 MB (54/84 done)
[matrix] … a1-cache-d1-p0-l4 seed 11 @ 80 MHz running 630 s, rss 761.2 MB (54/84 done)
[matrix] … a1-cache-d1-p0-l4 seed 11 @ 80 MHz running 660 s, rss 761.2 MB (54/84 done)
[matrix] … a1-cache-d1-p0-l4 seed 11 @ 80 MHz running 690 s, rss 761.2 MB (54/84 done)
[matrix] … a1-cache-d1-p0-l4 seed 11 @ 80 MHz running 720 s, rss 761.2 MB (54/84 done)
[matrix] … a1-cache-d1-p0-l4 seed 11 @ 80 MHz running 750 s, rss 761.2 MB (54/84 done)
[matrix] … a1-cache-d1-p0-l4 seed 11 @ 80 MHz running 780 s, rss 761.2 MB (54/84 done)
[matrix] … a1-cache-d1-p0-l4 seed 11 @ 80 MHz running 810 s, rss 761.2 MB (54/84 done)
[matrix] … a1-cache-d1-p0-l4 seed 11 @ 80 MHz running 840 s, rss 761.2 MB (54/84 done)
[matrix] … a1-cache-d1-p0-l4 seed 11 @ 80 MHz running 870 s, rss 761.2 MB (54/84 done)
[matrix] … a1-cache-d1-p0-l4 seed 11 @ 80 MHz running 900 s, rss 761.2 MB (54/84 done)
[matrix] … a1-cache-d1-p0-l4 seed 11 @ 80 MHz running 930 s, rss 761.2 MB (54/84 done)
[matrix] … a1-cache-d1-p0-l4 seed 11 @ 80 MHz running 960 s, rss 761.2 MB (54/84 done)
[matrix] … a1-cache-d1-p0-l4 seed 11 @ 80 MHz running 990 s, rss 761.2 MB (54/84 done)
[matrix] … a1-cache-d1-p0-l4 seed 11 @ 80 MHz running 1020 s, rss 761.2 MB (54/84 done)
[matrix] … a1-cache-d1-p0-l4 seed 11 @ 80 MHz running 1050 s, rss 761.2 MB (54/84 done)
[matrix] … a1-cache-d1-p0-l4 seed 11 @ 80 MHz running 1080 s, rss 761.2 MB (54/84 done)
[matrix] … a1-cache-d1-p0-l4 seed 11 @ 80 MHz running 1110 s, rss 761.2 MB (54/84 done)
[matrix] … a1-cache-d1-p0-l4 seed 11 @ 80 MHz running 1140 s, rss 761.2 MB (54/84 done)
[matrix] … a1-cache-d1-p0-l4 seed 11 @ 80 MHz running 1170 s, rss 761.2 MB (54/84 done)
[matrix] job 55/84 done  a1-cache-d1-p0-l4:80:11 route_timeout fmax None MHz, 1200.6 s, rss 761.2 MB
[matrix] job 56/84 start a1-cache-d1-p0-l4:80:12 route 7e67e054116c action run (completed 55, reused 0, ok 26, fail 24, timeout 5, error 0; eta {'low_s': 2168, 'high_s': 33617, 'comparable_jobs': 55})
[matrix] … a1-cache-d1-p0-l4 seed 12 @ 80 MHz running 30 s, rss 556.3 MB (55/84 done)
[matrix] … a1-cache-d1-p0-l4 seed 12 @ 80 MHz running 60 s, rss 655.3 MB (55/84 done)
[matrix] … a1-cache-d1-p0-l4 seed 12 @ 80 MHz running 90 s, rss 655.3 MB (55/84 done)
[matrix] … a1-cache-d1-p0-l4 seed 12 @ 80 MHz running 120 s, rss 655.3 MB (55/84 done)
[matrix] … a1-cache-d1-p0-l4 seed 12 @ 80 MHz running 150 s, rss 655.3 MB (55/84 done)
[matrix] … a1-cache-d1-p0-l4 seed 12 @ 80 MHz running 180 s, rss 760.9 MB (55/84 done)
[matrix] … a1-cache-d1-p0-l4 seed 12 @ 80 MHz running 210 s, rss 760.9 MB (55/84 done)
[matrix] … a1-cache-d1-p0-l4 seed 12 @ 80 MHz running 240 s, rss 760.9 MB (55/84 done)
[matrix] … a1-cache-d1-p0-l4 seed 12 @ 80 MHz running 270 s, rss 760.9 MB (55/84 done)
[matrix] … a1-cache-d1-p0-l4 seed 12 @ 80 MHz running 300 s, rss 760.9 MB (55/84 done)
[matrix] … a1-cache-d1-p0-l4 seed 12 @ 80 MHz running 330 s, rss 760.9 MB (55/84 done)
[matrix] … a1-cache-d1-p0-l4 seed 12 @ 80 MHz running 360 s, rss 760.9 MB (55/84 done)
[matrix] … a1-cache-d1-p0-l4 seed 12 @ 80 MHz running 390 s, rss 760.9 MB (55/84 done)
[matrix] … a1-cache-d1-p0-l4 seed 12 @ 80 MHz running 420 s, rss 760.9 MB (55/84 done)
[matrix] job 56/84 done  a1-cache-d1-p0-l4:80:12 routed_timing_failed fmax 63.24 MHz, 426.1 s, rss 831.0 MB
[matrix] job 57/84 start a1-cache-d1-p0-l4:80:13 route ff005ede07f8 action run (completed 56, reused 0, ok 26, fail 25, timeout 5, error 0; eta {'low_s': 1783, 'high_s': 32416, 'comparable_jobs': 56})
[matrix] … a1-cache-d1-p0-l4 seed 13 @ 80 MHz running 30 s, rss 556.4 MB (56/84 done)
[matrix] … a1-cache-d1-p0-l4 seed 13 @ 80 MHz running 60 s, rss 655.3 MB (56/84 done)
[matrix] … a1-cache-d1-p0-l4 seed 13 @ 80 MHz running 90 s, rss 655.3 MB (56/84 done)
[matrix] … a1-cache-d1-p0-l4 seed 13 @ 80 MHz running 120 s, rss 655.3 MB (56/84 done)
[matrix] … a1-cache-d1-p0-l4 seed 13 @ 80 MHz running 150 s, rss 761.0 MB (56/84 done)
[matrix] … a1-cache-d1-p0-l4 seed 13 @ 80 MHz running 180 s, rss 761.0 MB (56/84 done)
[matrix] … a1-cache-d1-p0-l4 seed 13 @ 80 MHz running 210 s, rss 761.0 MB (56/84 done)
[matrix] … a1-cache-d1-p0-l4 seed 13 @ 80 MHz running 240 s, rss 761.0 MB (56/84 done)
[matrix] … a1-cache-d1-p0-l4 seed 13 @ 80 MHz running 270 s, rss 761.0 MB (56/84 done)
[matrix] … a1-cache-d1-p0-l4 seed 13 @ 80 MHz running 300 s, rss 761.0 MB (56/84 done)
[matrix] … a1-cache-d1-p0-l4 seed 13 @ 80 MHz running 330 s, rss 761.0 MB (56/84 done)
[matrix] … a1-cache-d1-p0-l4 seed 13 @ 80 MHz running 360 s, rss 761.0 MB (56/84 done)
[matrix] … a1-cache-d1-p0-l4 seed 13 @ 80 MHz running 390 s, rss 761.0 MB (56/84 done)
[matrix] … a1-cache-d1-p0-l4 seed 13 @ 80 MHz running 420 s, rss 761.0 MB (56/84 done)
[matrix] … a1-cache-d1-p0-l4 seed 13 @ 80 MHz running 450 s, rss 761.0 MB (56/84 done)
[matrix] … a1-cache-d1-p0-l4 seed 13 @ 80 MHz running 480 s, rss 761.0 MB (56/84 done)
[matrix] … a1-cache-d1-p0-l4 seed 13 @ 80 MHz running 510 s, rss 761.0 MB (56/84 done)
[matrix] … a1-cache-d1-p0-l4 seed 13 @ 80 MHz running 540 s, rss 761.0 MB (56/84 done)
[matrix] … a1-cache-d1-p0-l4 seed 13 @ 80 MHz running 570 s, rss 761.0 MB (56/84 done)
[matrix] … a1-cache-d1-p0-l4 seed 13 @ 80 MHz running 600 s, rss 761.0 MB (56/84 done)
[matrix] … a1-cache-d1-p0-l4 seed 13 @ 80 MHz running 630 s, rss 761.0 MB (56/84 done)
[matrix] … a1-cache-d1-p0-l4 seed 13 @ 80 MHz running 660 s, rss 761.0 MB (56/84 done)
[matrix] … a1-cache-d1-p0-l4 seed 13 @ 80 MHz running 690 s, rss 761.0 MB (56/84 done)
[matrix] … a1-cache-d1-p0-l4 seed 13 @ 80 MHz running 720 s, rss 761.0 MB (56/84 done)
[matrix] … a1-cache-d1-p0-l4 seed 13 @ 80 MHz running 750 s, rss 761.0 MB (56/84 done)
[matrix] … a1-cache-d1-p0-l4 seed 13 @ 80 MHz running 780 s, rss 761.0 MB (56/84 done)
[matrix] … a1-cache-d1-p0-l4 seed 13 @ 80 MHz running 810 s, rss 761.0 MB (56/84 done)
[matrix] … a1-cache-d1-p0-l4 seed 13 @ 80 MHz running 840 s, rss 761.0 MB (56/84 done)
[matrix] … a1-cache-d1-p0-l4 seed 13 @ 80 MHz running 870 s, rss 761.0 MB (56/84 done)
[matrix] … a1-cache-d1-p0-l4 seed 13 @ 80 MHz running 900 s, rss 761.0 MB (56/84 done)
[matrix] … a1-cache-d1-p0-l4 seed 13 @ 80 MHz running 930 s, rss 761.0 MB (56/84 done)
[matrix] … a1-cache-d1-p0-l4 seed 13 @ 80 MHz running 960 s, rss 761.0 MB (56/84 done)
[matrix] … a1-cache-d1-p0-l4 seed 13 @ 80 MHz running 990 s, rss 761.0 MB (56/84 done)
[matrix] … a1-cache-d1-p0-l4 seed 13 @ 80 MHz running 1020 s, rss 774.6 MB (56/84 done)
[matrix] … a1-cache-d1-p0-l4 seed 13 @ 80 MHz running 1050 s, rss 774.6 MB (56/84 done)
[matrix] … a1-cache-d1-p0-l4 seed 13 @ 80 MHz running 1080 s, rss 774.6 MB (56/84 done)
[matrix] … a1-cache-d1-p0-l4 seed 13 @ 80 MHz running 1110 s, rss 774.6 MB (56/84 done)
[matrix] … a1-cache-d1-p0-l4 seed 13 @ 80 MHz running 1140 s, rss 774.6 MB (56/84 done)
[matrix] … a1-cache-d1-p0-l4 seed 13 @ 80 MHz running 1170 s, rss 774.6 MB (56/84 done)
[matrix] job 57/84 done  a1-cache-d1-p0-l4:80:13 route_timeout fmax None MHz, 1200.6 s, rss 774.6 MB
[matrix] job 58/84 start a1-cache-d1-p0-l4:100:11 route eb0bb6368cab action run (completed 57, reused 0, ok 26, fail 25, timeout 6, error 0; eta {'low_s': 1398, 'high_s': 31216, 'comparable_jobs': 57})
[matrix] … a1-cache-d1-p0-l4 seed 11 @ 100 MHz running 30 s, rss 556.4 MB (57/84 done)
[matrix] … a1-cache-d1-p0-l4 seed 11 @ 100 MHz running 60 s, rss 655.6 MB (57/84 done)
[matrix] … a1-cache-d1-p0-l4 seed 11 @ 100 MHz running 90 s, rss 655.6 MB (57/84 done)
[matrix] … a1-cache-d1-p0-l4 seed 11 @ 100 MHz running 120 s, rss 655.6 MB (57/84 done)
[matrix] … a1-cache-d1-p0-l4 seed 11 @ 100 MHz running 150 s, rss 761.3 MB (57/84 done)
[matrix] … a1-cache-d1-p0-l4 seed 11 @ 100 MHz running 180 s, rss 761.3 MB (57/84 done)
[matrix] … a1-cache-d1-p0-l4 seed 11 @ 100 MHz running 210 s, rss 761.3 MB (57/84 done)
[matrix] … a1-cache-d1-p0-l4 seed 11 @ 100 MHz running 240 s, rss 761.3 MB (57/84 done)
[matrix] … a1-cache-d1-p0-l4 seed 11 @ 100 MHz running 270 s, rss 761.3 MB (57/84 done)
[matrix] … a1-cache-d1-p0-l4 seed 11 @ 100 MHz running 300 s, rss 761.3 MB (57/84 done)
[matrix] … a1-cache-d1-p0-l4 seed 11 @ 100 MHz running 330 s, rss 761.3 MB (57/84 done)
[matrix] … a1-cache-d1-p0-l4 seed 11 @ 100 MHz running 360 s, rss 761.3 MB (57/84 done)
[matrix] … a1-cache-d1-p0-l4 seed 11 @ 100 MHz running 390 s, rss 761.3 MB (57/84 done)
[matrix] … a1-cache-d1-p0-l4 seed 11 @ 100 MHz running 420 s, rss 761.3 MB (57/84 done)
[matrix] … a1-cache-d1-p0-l4 seed 11 @ 100 MHz running 450 s, rss 761.3 MB (57/84 done)
[matrix] … a1-cache-d1-p0-l4 seed 11 @ 100 MHz running 480 s, rss 761.3 MB (57/84 done)
[matrix] … a1-cache-d1-p0-l4 seed 11 @ 100 MHz running 510 s, rss 761.3 MB (57/84 done)
[matrix] … a1-cache-d1-p0-l4 seed 11 @ 100 MHz running 540 s, rss 761.3 MB (57/84 done)
[matrix] … a1-cache-d1-p0-l4 seed 11 @ 100 MHz running 570 s, rss 761.3 MB (57/84 done)
[matrix] … a1-cache-d1-p0-l4 seed 11 @ 100 MHz running 600 s, rss 761.3 MB (57/84 done)
[matrix] … a1-cache-d1-p0-l4 seed 11 @ 100 MHz running 630 s, rss 761.3 MB (57/84 done)
[matrix] … a1-cache-d1-p0-l4 seed 11 @ 100 MHz running 660 s, rss 761.3 MB (57/84 done)
[matrix] … a1-cache-d1-p0-l4 seed 11 @ 100 MHz running 690 s, rss 761.3 MB (57/84 done)
[matrix] … a1-cache-d1-p0-l4 seed 11 @ 100 MHz running 720 s, rss 761.3 MB (57/84 done)
[matrix] … a1-cache-d1-p0-l4 seed 11 @ 100 MHz running 750 s, rss 761.3 MB (57/84 done)
[matrix] … a1-cache-d1-p0-l4 seed 11 @ 100 MHz running 780 s, rss 761.3 MB (57/84 done)
[matrix] … a1-cache-d1-p0-l4 seed 11 @ 100 MHz running 810 s, rss 761.3 MB (57/84 done)
[matrix] … a1-cache-d1-p0-l4 seed 11 @ 100 MHz running 840 s, rss 761.3 MB (57/84 done)
[matrix] … a1-cache-d1-p0-l4 seed 11 @ 100 MHz running 870 s, rss 761.3 MB (57/84 done)
[matrix] … a1-cache-d1-p0-l4 seed 11 @ 100 MHz running 900 s, rss 761.3 MB (57/84 done)
[matrix] … a1-cache-d1-p0-l4 seed 11 @ 100 MHz running 930 s, rss 761.3 MB (57/84 done)
[matrix] … a1-cache-d1-p0-l4 seed 11 @ 100 MHz running 960 s, rss 761.3 MB (57/84 done)
[matrix] … a1-cache-d1-p0-l4 seed 11 @ 100 MHz running 990 s, rss 761.3 MB (57/84 done)
[matrix] … a1-cache-d1-p0-l4 seed 11 @ 100 MHz running 1020 s, rss 761.3 MB (57/84 done)
[matrix] … a1-cache-d1-p0-l4 seed 11 @ 100 MHz running 1050 s, rss 761.3 MB (57/84 done)
[matrix] … a1-cache-d1-p0-l4 seed 11 @ 100 MHz running 1080 s, rss 761.3 MB (57/84 done)
[matrix] … a1-cache-d1-p0-l4 seed 11 @ 100 MHz running 1110 s, rss 761.3 MB (57/84 done)
[matrix] … a1-cache-d1-p0-l4 seed 11 @ 100 MHz running 1140 s, rss 761.3 MB (57/84 done)
[matrix] … a1-cache-d1-p0-l4 seed 11 @ 100 MHz running 1170 s, rss 761.3 MB (57/84 done)
[matrix] job 58/84 done  a1-cache-d1-p0-l4:100:11 route_timeout fmax None MHz, 1200.6 s, rss 761.3 MB
[matrix] job 59/84 start a1-cache-d1-p0-l4:100:12 route 0cc8cf10ef2c action run (completed 58, reused 0, ok 26, fail 25, timeout 7, error 0; eta {'low_s': 1014, 'high_s': 30015, 'comparable_jobs': 58})
[matrix] … a1-cache-d1-p0-l4 seed 12 @ 100 MHz running 30 s, rss 556.3 MB (58/84 done)
[matrix] … a1-cache-d1-p0-l4 seed 12 @ 100 MHz running 60 s, rss 655.3 MB (58/84 done)
[matrix] … a1-cache-d1-p0-l4 seed 12 @ 100 MHz running 90 s, rss 655.3 MB (58/84 done)
[matrix] … a1-cache-d1-p0-l4 seed 12 @ 100 MHz running 120 s, rss 655.3 MB (58/84 done)
[matrix] … a1-cache-d1-p0-l4 seed 12 @ 100 MHz running 150 s, rss 655.3 MB (58/84 done)
[matrix] … a1-cache-d1-p0-l4 seed 12 @ 100 MHz running 180 s, rss 760.9 MB (58/84 done)
[matrix] … a1-cache-d1-p0-l4 seed 12 @ 100 MHz running 210 s, rss 760.9 MB (58/84 done)
[matrix] … a1-cache-d1-p0-l4 seed 12 @ 100 MHz running 240 s, rss 760.9 MB (58/84 done)
[matrix] … a1-cache-d1-p0-l4 seed 12 @ 100 MHz running 270 s, rss 760.9 MB (58/84 done)
[matrix] … a1-cache-d1-p0-l4 seed 12 @ 100 MHz running 300 s, rss 760.9 MB (58/84 done)
[matrix] … a1-cache-d1-p0-l4 seed 12 @ 100 MHz running 330 s, rss 760.9 MB (58/84 done)
[matrix] … a1-cache-d1-p0-l4 seed 12 @ 100 MHz running 360 s, rss 760.9 MB (58/84 done)
[matrix] … a1-cache-d1-p0-l4 seed 12 @ 100 MHz running 390 s, rss 760.9 MB (58/84 done)
[matrix] … a1-cache-d1-p0-l4 seed 12 @ 100 MHz running 420 s, rss 760.9 MB (58/84 done)
[matrix] job 59/84 done  a1-cache-d1-p0-l4:100:12 routed_timing_failed fmax 63.24 MHz, 432.5 s, rss 830.9 MB
[matrix] job 60/84 start a1-cache-d1-p0-l4:100:13 route e81fe54205ce action run (completed 59, reused 0, ok 26, fail 26, timeout 7, error 0; eta {'low_s': 629, 'high_s': 28814, 'comparable_jobs': 59})
[matrix] … a1-cache-d1-p0-l4 seed 13 @ 100 MHz running 30 s, rss 556.4 MB (59/84 done)
[matrix] … a1-cache-d1-p0-l4 seed 13 @ 100 MHz running 60 s, rss 655.3 MB (59/84 done)
[matrix] … a1-cache-d1-p0-l4 seed 13 @ 100 MHz running 90 s, rss 655.3 MB (59/84 done)
[matrix] … a1-cache-d1-p0-l4 seed 13 @ 100 MHz running 120 s, rss 655.3 MB (59/84 done)
[matrix] … a1-cache-d1-p0-l4 seed 13 @ 100 MHz running 150 s, rss 761.0 MB (59/84 done)
[matrix] … a1-cache-d1-p0-l4 seed 13 @ 100 MHz running 180 s, rss 761.0 MB (59/84 done)
[matrix] … a1-cache-d1-p0-l4 seed 13 @ 100 MHz running 210 s, rss 761.0 MB (59/84 done)
[matrix] … a1-cache-d1-p0-l4 seed 13 @ 100 MHz running 240 s, rss 761.0 MB (59/84 done)
[matrix] … a1-cache-d1-p0-l4 seed 13 @ 100 MHz running 270 s, rss 761.0 MB (59/84 done)
[matrix] … a1-cache-d1-p0-l4 seed 13 @ 100 MHz running 300 s, rss 761.0 MB (59/84 done)
[matrix] … a1-cache-d1-p0-l4 seed 13 @ 100 MHz running 330 s, rss 761.0 MB (59/84 done)
[matrix] … a1-cache-d1-p0-l4 seed 13 @ 100 MHz running 360 s, rss 761.0 MB (59/84 done)
[matrix] … a1-cache-d1-p0-l4 seed 13 @ 100 MHz running 390 s, rss 761.0 MB (59/84 done)
[matrix] … a1-cache-d1-p0-l4 seed 13 @ 100 MHz running 420 s, rss 761.0 MB (59/84 done)
[matrix] … a1-cache-d1-p0-l4 seed 13 @ 100 MHz running 450 s, rss 761.0 MB (59/84 done)
[matrix] … a1-cache-d1-p0-l4 seed 13 @ 100 MHz running 480 s, rss 761.0 MB (59/84 done)
[matrix] … a1-cache-d1-p0-l4 seed 13 @ 100 MHz running 510 s, rss 761.0 MB (59/84 done)
[matrix] … a1-cache-d1-p0-l4 seed 13 @ 100 MHz running 540 s, rss 761.0 MB (59/84 done)
[matrix] … a1-cache-d1-p0-l4 seed 13 @ 100 MHz running 570 s, rss 761.0 MB (59/84 done)
[matrix] … a1-cache-d1-p0-l4 seed 13 @ 100 MHz running 600 s, rss 761.0 MB (59/84 done)
[matrix] … a1-cache-d1-p0-l4 seed 13 @ 100 MHz running 630 s, rss 761.0 MB (59/84 done)
[matrix] … a1-cache-d1-p0-l4 seed 13 @ 100 MHz running 660 s, rss 761.0 MB (59/84 done)
[matrix] … a1-cache-d1-p0-l4 seed 13 @ 100 MHz running 690 s, rss 761.0 MB (59/84 done)
[matrix] … a1-cache-d1-p0-l4 seed 13 @ 100 MHz running 720 s, rss 761.0 MB (59/84 done)
[matrix] … a1-cache-d1-p0-l4 seed 13 @ 100 MHz running 750 s, rss 761.0 MB (59/84 done)
[matrix] … a1-cache-d1-p0-l4 seed 13 @ 100 MHz running 780 s, rss 761.0 MB (59/84 done)
[matrix] … a1-cache-d1-p0-l4 seed 13 @ 100 MHz running 810 s, rss 761.0 MB (59/84 done)
[matrix] … a1-cache-d1-p0-l4 seed 13 @ 100 MHz running 840 s, rss 761.0 MB (59/84 done)
[matrix] … a1-cache-d1-p0-l4 seed 13 @ 100 MHz running 870 s, rss 761.0 MB (59/84 done)
[matrix] … a1-cache-d1-p0-l4 seed 13 @ 100 MHz running 900 s, rss 761.0 MB (59/84 done)
[matrix] … a1-cache-d1-p0-l4 seed 13 @ 100 MHz running 930 s, rss 761.0 MB (59/84 done)
[matrix] … a1-cache-d1-p0-l4 seed 13 @ 100 MHz running 960 s, rss 761.0 MB (59/84 done)
[matrix] … a1-cache-d1-p0-l4 seed 13 @ 100 MHz running 990 s, rss 761.0 MB (59/84 done)
[matrix] … a1-cache-d1-p0-l4 seed 13 @ 100 MHz running 1020 s, rss 774.6 MB (59/84 done)
[matrix] … a1-cache-d1-p0-l4 seed 13 @ 100 MHz running 1050 s, rss 774.6 MB (59/84 done)
[matrix] … a1-cache-d1-p0-l4 seed 13 @ 100 MHz running 1080 s, rss 774.6 MB (59/84 done)
[matrix] … a1-cache-d1-p0-l4 seed 13 @ 100 MHz running 1110 s, rss 774.6 MB (59/84 done)
[matrix] … a1-cache-d1-p0-l4 seed 13 @ 100 MHz running 1140 s, rss 774.6 MB (59/84 done)
[matrix] … a1-cache-d1-p0-l4 seed 13 @ 100 MHz running 1170 s, rss 774.6 MB (59/84 done)
[matrix] job 60/84 done  a1-cache-d1-p0-l4:100:13 route_timeout fmax None MHz, 1200.6 s, rss 774.6 MB
[matrix] job 61/84 start a1-cache-d1-p1-l1:50:11 route 55cbe9a97cf6 action run (completed 60, reused 0, ok 26, fail 26, timeout 8, error 0; eta {'low_s': 603, 'high_s': 27614, 'comparable_jobs': 60})
[matrix] … a1-cache-d1-p1-l1 seed 11 @ 50 MHz running 30 s, rss 442.8 MB (60/84 done)
[matrix] job 61/84 done  a1-cache-d1-p1-l1:50:11 routed_timing_met fmax 66.59 MHz, 40.8 s, rss 465.0 MB
[matrix] job 62/84 start a1-cache-d1-p1-l1:50:12 route 933f0f187366 action run (completed 61, reused 0, ok 27, fail 26, timeout 8, error 0; eta {'low_s': 591, 'high_s': 25253, 'comparable_jobs': 61})
[matrix] … a1-cache-d1-p1-l1 seed 12 @ 50 MHz running 30 s, rss 442.8 MB (61/84 done)
[matrix] job 62/84 done  a1-cache-d1-p1-l1:50:12 routed_timing_met fmax 65.98 MHz, 42.5 s, rss 465.8 MB
[matrix] job 63/84 start a1-cache-d1-p1-l1:50:13 route 28bee8fc3908 action run (completed 62, reused 0, ok 28, fail 26, timeout 8, error 0; eta {'low_s': 550, 'high_s': 25213, 'comparable_jobs': 62})
[matrix] … a1-cache-d1-p1-l1 seed 13 @ 50 MHz running 30 s, rss 442.9 MB (62/84 done)
[matrix] job 63/84 done  a1-cache-d1-p1-l1:50:13 routed_timing_met fmax 66.39 MHz, 41.1 s, rss 468.2 MB
[matrix] job 64/84 start a1-cache-d1-p5-l1:50:11 route f3275875704c action run (completed 63, reused 0, ok 29, fail 26, timeout 8, error 0; eta {'low_s': 524, 'high_s': 24012, 'comparable_jobs': 63})
[matrix] … a1-cache-d1-p5-l1 seed 11 @ 50 MHz running 30 s, rss 442.2 MB (63/84 done)
[matrix] job 64/84 done  a1-cache-d1-p5-l1:50:11 routed_timing_met fmax 66.44 MHz, 38.2 s, rss 467.6 MB
[matrix] job 65/84 start a1-cache-d1-p5-l1:50:12 route 356095c86ba2 action run (completed 64, reused 0, ok 30, fail 26, timeout 8, error 0; eta {'low_s': 510, 'high_s': 21649, 'comparable_jobs': 64})
[matrix] … a1-cache-d1-p5-l1 seed 12 @ 50 MHz running 30 s, rss 442.4 MB (64/84 done)
[matrix] job 65/84 done  a1-cache-d1-p5-l1:50:12 routed_timing_met fmax 67.76 MHz, 42.6 s, rss 465.6 MB
[matrix] job 66/84 start a1-cache-d1-p5-l1:50:13 route eff035ba2f8e action run (completed 65, reused 0, ok 31, fail 26, timeout 8, error 0; eta {'low_s': 472, 'high_s': 21611, 'comparable_jobs': 65})
[matrix] … a1-cache-d1-p5-l1 seed 13 @ 50 MHz running 30 s, rss 442.5 MB (65/84 done)
[matrix] job 66/84 done  a1-cache-d1-p5-l1:50:13 routed_timing_met fmax 68.29 MHz, 39.2 s, rss 467.2 MB
[matrix] job 67/84 start a1-cache-d1-p6-l1:50:11 route fb52e1d4ff9f action run (completed 66, reused 0, ok 32, fail 26, timeout 8, error 0; eta {'low_s': 445, 'high_s': 20410, 'comparable_jobs': 66})
[matrix] … a1-cache-d1-p6-l1 seed 11 @ 50 MHz running 30 s, rss 441.5 MB (66/84 done)
[matrix] job 67/84 done  a1-cache-d1-p6-l1:50:11 routed_timing_met fmax 65.57 MHz, 35.6 s, rss 466.3 MB
[matrix] job 68/84 start a1-cache-d1-p6-l1:50:12 route a2893e80a4b5 action run (completed 67, reused 0, ok 33, fail 26, timeout 8, error 0; eta {'low_s': 429, 'high_s': 18045, 'comparable_jobs': 67})
[matrix] … a1-cache-d1-p6-l1 seed 12 @ 50 MHz running 30 s, rss 442.0 MB (67/84 done)
[matrix] … a1-cache-d1-p6-l1 seed 12 @ 50 MHz running 60 s, rss 454.4 MB (67/84 done)
[matrix] … a1-cache-d1-p6-l1 seed 12 @ 50 MHz running 90 s, rss 455.5 MB (67/84 done)
[matrix] … a1-cache-d1-p6-l1 seed 12 @ 50 MHz running 120 s, rss 467.9 MB (67/84 done)
[matrix] … a1-cache-d1-p6-l1 seed 12 @ 50 MHz running 150 s, rss 467.9 MB (67/84 done)
[matrix] … a1-cache-d1-p6-l1 seed 12 @ 50 MHz running 180 s, rss 467.9 MB (67/84 done)
[matrix] job 68/84 done  a1-cache-d1-p6-l1:50:12 routed_timing_met fmax 65.27 MHz, 209.0 s, rss 472.1 MB
[matrix] job 69/84 start a1-cache-d1-p6-l1:50:13 route e32f27e725df action run (completed 68, reused 0, ok 34, fail 26, timeout 8, error 0; eta {'low_s': 393, 'high_s': 18009, 'comparable_jobs': 68})
[matrix] … a1-cache-d1-p6-l1 seed 13 @ 50 MHz running 30 s, rss 441.8 MB (68/84 done)
[matrix] job 69/84 done  a1-cache-d1-p6-l1:50:13 routed_timing_met fmax 65.12 MHz, 41.0 s, rss 466.3 MB
[matrix] job 70/84 start a1-cache-d1-p7-l1:50:11 route 28218c6d054d action run (completed 69, reused 0, ok 35, fail 26, timeout 8, error 0; eta {'low_s': 367, 'high_s': 16808, 'comparable_jobs': 69})
[matrix] … a1-cache-d1-p7-l1 seed 11 @ 50 MHz running 30 s, rss 441.4 MB (69/84 done)
[matrix] job 70/84 done  a1-cache-d1-p7-l1:50:11 routed_timing_met fmax 67.82 MHz, 38.1 s, rss 465.3 MB
[matrix] job 71/84 start a1-cache-d1-p7-l1:50:12 route cfefeb67a374 action run (completed 70, reused 0, ok 36, fail 26, timeout 8, error 0; eta {'low_s': 352, 'high_s': 14445, 'comparable_jobs': 70})
[matrix] … a1-cache-d1-p7-l1 seed 12 @ 50 MHz running 30 s, rss 441.3 MB (70/84 done)
[matrix] job 71/84 done  a1-cache-d1-p7-l1:50:12 routed_timing_met fmax 68.5 MHz, 40.6 s, rss 465.2 MB
[matrix] job 72/84 start a1-cache-d1-p7-l1:50:13 route 8602307ad177 action run (completed 71, reused 0, ok 37, fail 26, timeout 8, error 0; eta {'low_s': 314, 'high_s': 14407, 'comparable_jobs': 71})
[matrix] … a1-cache-d1-p7-l1 seed 13 @ 50 MHz running 30 s, rss 441.4 MB (71/84 done)
[matrix] job 72/84 done  a1-cache-d1-p7-l1:50:13 routed_timing_met fmax 65.91 MHz, 41.6 s, rss 467.4 MB
[matrix] job 73/84 start a2-cache-d1-p0-l1:50:11 route db2c64043a79 action run (completed 72, reused 0, ok 38, fail 26, timeout 8, error 0; eta {'low_s': 288, 'high_s': 13207, 'comparable_jobs': 72})
[matrix] … a2-cache-d1-p0-l1 seed 11 @ 50 MHz running 30 s, rss 490.0 MB (72/84 done)
[matrix] … a2-cache-d1-p0-l1 seed 11 @ 50 MHz running 60 s, rss 541.7 MB (72/84 done)
[matrix] … a2-cache-d1-p0-l1 seed 11 @ 50 MHz running 90 s, rss 541.7 MB (72/84 done)
[matrix] job 73/84 done  a2-cache-d1-p0-l1:50:11 routed_timing_met fmax 72.4 MHz, 98.7 s, rss 582.7 MB
[matrix] job 74/84 start a2-cache-d1-p0-l1:50:12 route f9e9b0f64efb action run (completed 73, reused 0, ok 39, fail 26, timeout 8, error 0; eta {'low_s': 987, 'high_s': 987, 'comparable_jobs': 73})
[matrix] … a2-cache-d1-p0-l1 seed 12 @ 50 MHz running 30 s, rss 489.9 MB (73/84 done)
[matrix] … a2-cache-d1-p0-l1 seed 12 @ 50 MHz running 60 s, rss 541.6 MB (73/84 done)
[matrix] … a2-cache-d1-p0-l1 seed 12 @ 50 MHz running 90 s, rss 541.6 MB (73/84 done)
[matrix] job 74/84 done  a2-cache-d1-p0-l1:50:12 routed_timing_met fmax 73.37 MHz, 98.8 s, rss 578.5 MB
[matrix] job 75/84 start a2-cache-d1-p0-l1:50:13 route ba0dda2cf5ec action run (completed 74, reused 0, ok 40, fail 26, timeout 8, error 0; eta {'low_s': 888, 'high_s': 889, 'comparable_jobs': 74})
[matrix] … a2-cache-d1-p0-l1 seed 13 @ 50 MHz running 30 s, rss 489.9 MB (74/84 done)
[matrix] … a2-cache-d1-p0-l1 seed 13 @ 50 MHz running 60 s, rss 542.0 MB (74/84 done)
[matrix] … a2-cache-d1-p0-l1 seed 13 @ 50 MHz running 90 s, rss 542.0 MB (74/84 done)
[matrix] … a2-cache-d1-p0-l1 seed 13 @ 50 MHz running 120 s, rss 542.0 MB (74/84 done)
[matrix] job 75/84 done  a2-cache-d1-p0-l1:50:13 routed_timing_met fmax 75.63 MHz, 124.6 s, rss 580.0 MB
[matrix] job 76/84 start a2-cache-d1-p0-l1:60:11 route 438ec9785689 action run (completed 75, reused 0, ok 41, fail 26, timeout 8, error 0; eta {'low_s': 790, 'high_s': 997, 'comparable_jobs': 75})
[matrix] … a2-cache-d1-p0-l1 seed 11 @ 60 MHz running 30 s, rss 489.9 MB (75/84 done)
[matrix] … a2-cache-d1-p0-l1 seed 11 @ 60 MHz running 60 s, rss 541.8 MB (75/84 done)
[matrix] … a2-cache-d1-p0-l1 seed 11 @ 60 MHz running 90 s, rss 541.8 MB (75/84 done)
[matrix] job 76/84 done  a2-cache-d1-p0-l1:60:11 routed_timing_met fmax 72.4 MHz, 100.1 s, rss 582.2 MB
[matrix] job 77/84 start a2-cache-d1-p0-l1:60:12 route 099ace246d25 action run (completed 76, reused 0, ok 42, fail 26, timeout 8, error 0; eta {'low_s': 691, 'high_s': 872, 'comparable_jobs': 76})
[matrix] … a2-cache-d1-p0-l1 seed 12 @ 60 MHz running 30 s, rss 490.0 MB (76/84 done)
[matrix] … a2-cache-d1-p0-l1 seed 12 @ 60 MHz running 60 s, rss 541.8 MB (76/84 done)
[matrix] … a2-cache-d1-p0-l1 seed 12 @ 60 MHz running 90 s, rss 541.8 MB (76/84 done)
[matrix] job 77/84 done  a2-cache-d1-p0-l1:60:12 routed_timing_met fmax 73.37 MHz, 99.9 s, rss 578.3 MB
[matrix] job 78/84 start a2-cache-d1-p0-l1:60:13 route f156355b9ee9 action run (completed 77, reused 0, ok 43, fail 26, timeout 8, error 0; eta {'low_s': 592, 'high_s': 748, 'comparable_jobs': 77})
[matrix] … a2-cache-d1-p0-l1 seed 13 @ 60 MHz running 30 s, rss 489.9 MB (77/84 done)
[matrix] … a2-cache-d1-p0-l1 seed 13 @ 60 MHz running 60 s, rss 541.8 MB (77/84 done)
[matrix] … a2-cache-d1-p0-l1 seed 13 @ 60 MHz running 90 s, rss 541.8 MB (77/84 done)
[matrix] … a2-cache-d1-p0-l1 seed 13 @ 60 MHz running 120 s, rss 541.8 MB (77/84 done)
[matrix] job 78/84 done  a2-cache-d1-p0-l1:60:13 routed_timing_met fmax 75.63 MHz, 122.6 s, rss 580.1 MB
[matrix] job 79/84 start a2-cache-d1-p0-l1:80:11 route 2b986679c847 action run (completed 78, reused 0, ok 44, fail 26, timeout 8, error 0; eta {'low_s': 494, 'high_s': 623, 'comparable_jobs': 78})
[matrix] … a2-cache-d1-p0-l1 seed 11 @ 80 MHz running 30 s, rss 490.0 MB (78/84 done)
[matrix] … a2-cache-d1-p0-l1 seed 11 @ 80 MHz running 60 s, rss 541.9 MB (78/84 done)
[matrix] … a2-cache-d1-p0-l1 seed 11 @ 80 MHz running 90 s, rss 541.9 MB (78/84 done)
[matrix] job 79/84 done  a2-cache-d1-p0-l1:80:11 routed_timing_failed fmax 72.4 MHz, 99.7 s, rss 582.6 MB
[matrix] job 80/84 start a2-cache-d1-p0-l1:80:12 route 5c3a50586d98 action run (completed 79, reused 0, ok 44, fail 27, timeout 8, error 0; eta {'low_s': 395, 'high_s': 498, 'comparable_jobs': 79})
[matrix] … a2-cache-d1-p0-l1 seed 12 @ 80 MHz running 30 s, rss 490.0 MB (79/84 done)
[matrix] … a2-cache-d1-p0-l1 seed 12 @ 80 MHz running 60 s, rss 541.8 MB (79/84 done)
[matrix] … a2-cache-d1-p0-l1 seed 12 @ 80 MHz running 90 s, rss 541.8 MB (79/84 done)
[matrix] job 80/84 done  a2-cache-d1-p0-l1:80:12 routed_timing_failed fmax 73.37 MHz, 94.8 s, rss 578.5 MB
[matrix] job 81/84 start a2-cache-d1-p0-l1:80:13 route cf84a79758af action run (completed 80, reused 0, ok 44, fail 28, timeout 8, error 0; eta {'low_s': 284, 'high_s': 374, 'comparable_jobs': 80})
[matrix] … a2-cache-d1-p0-l1 seed 13 @ 80 MHz running 30 s, rss 489.9 MB (80/84 done)
[matrix] … a2-cache-d1-p0-l1 seed 13 @ 80 MHz running 60 s, rss 541.9 MB (80/84 done)
[matrix] … a2-cache-d1-p0-l1 seed 13 @ 80 MHz running 90 s, rss 541.9 MB (80/84 done)
[matrix] … a2-cache-d1-p0-l1 seed 13 @ 80 MHz running 120 s, rss 541.9 MB (80/84 done)
[matrix] job 81/84 done  a2-cache-d1-p0-l1:80:13 routed_timing_failed fmax 75.63 MHz, 122.0 s, rss 579.6 MB
[matrix] job 82/84 start a2-cache-d1-p0-l1:100:11 route ae0c951c8615 action run (completed 81, reused 0, ok 44, fail 29, timeout 8, error 0; eta {'low_s': 190, 'high_s': 249, 'comparable_jobs': 81})
[matrix] … a2-cache-d1-p0-l1 seed 11 @ 100 MHz running 30 s, rss 490.0 MB (81/84 done)
[matrix] … a2-cache-d1-p0-l1 seed 11 @ 100 MHz running 60 s, rss 541.6 MB (81/84 done)
[matrix] … a2-cache-d1-p0-l1 seed 11 @ 100 MHz running 90 s, rss 541.6 MB (81/84 done)
[matrix] job 82/84 done  a2-cache-d1-p0-l1:100:11 routed_timing_failed fmax 72.4 MHz, 95.9 s, rss 582.4 MB
[matrix] job 83/84 start a2-cache-d1-p0-l1:100:12 route 00552cf36768 action run (completed 82, reused 0, ok 44, fail 30, timeout 8, error 0; eta {'low_s': 95, 'high_s': 125, 'comparable_jobs': 82})
[matrix] … a2-cache-d1-p0-l1 seed 12 @ 100 MHz running 30 s, rss 490.0 MB (82/84 done)
[matrix] … a2-cache-d1-p0-l1 seed 12 @ 100 MHz running 60 s, rss 541.7 MB (82/84 done)
[matrix] … a2-cache-d1-p0-l1 seed 12 @ 100 MHz running 90 s, rss 541.7 MB (82/84 done)
[matrix] job 83/84 done  a2-cache-d1-p0-l1:100:12 routed_timing_failed fmax 73.37 MHz, 99.5 s, rss 578.8 MB
[matrix] job 84/84 start a2-cache-d1-p0-l1:100:13 route 5035750644c8 action run (completed 83, reused 0, ok 44, fail 31, timeout 8, error 0; eta {'low_s': 0, 'high_s': 0, 'comparable_jobs': 83})
[matrix] … a2-cache-d1-p0-l1 seed 13 @ 100 MHz running 30 s, rss 489.9 MB (83/84 done)
[matrix] … a2-cache-d1-p0-l1 seed 13 @ 100 MHz running 60 s, rss 542.0 MB (83/84 done)
[matrix] … a2-cache-d1-p0-l1 seed 13 @ 100 MHz running 90 s, rss 542.0 MB (83/84 done)
[matrix] … a2-cache-d1-p0-l1 seed 13 @ 100 MHz running 120 s, rss 542.0 MB (83/84 done)
[matrix] job 84/84 done  a2-cache-d1-p0-l1:100:13 routed_timing_failed fmax 75.63 MHz, 123.3 s, rss 580.2 MB
[matrix] decisions a0-bitmap-d1-p0-l1 x1000 (native)
[matrix] decisions a0-bitmap-d1-p0-l1: matched — native: all 1000 decisions match; cycles min 125 median 4720 max 9596
[matrix] decisions a1-bitmap-d1-p0-l1 x1000 (native)
[matrix] decisions a1-bitmap-d1-p0-l1: matched — native: all 1000 decisions match; cycles min 116 median 790 max 1572
[matrix] decisions a1-cache-d1-p0-l1 x1000 (native)
[matrix] decisions a1-cache-d1-p0-l1: matched — native: all 1000 decisions match; cycles min 107 median 773 max 1538
[matrix] decisions a1-cache-d1-p0-l2 x1000 (native)
[matrix] decisions a1-cache-d1-p0-l2: matched — native: all 1000 decisions match; cycles min 64 median 414 max 774
[matrix] decisions a1-cache-d1-p0-l4 x1000 (native)
[matrix] decisions a1-cache-d1-p0-l4: matched — native: all 1000 decisions match; cycles min 44 median 236 max 416
[matrix] decisions a2-cache-d1-p0-l1 x1000 (native)
[matrix] decisions a2-cache-d1-p0-l1: matched — native: all 1000 decisions match; cycles min 38 median 46 max 63
[matrix] finished: {'completed': 84, 'reused': 0, 'successes': 44, 'failures': 32, 'timeouts': 8, 'errors': 0} in 15889.6 s -> results/v2/summary/matrix_hardware-v2.json
